******************************************************************************
            TI ARM Clang Linker Unix v3.2.1                    
******************************************************************************
>> Linked Tue May  6 15:49:05 2025

OUTPUT FILE NAME:   <adc12_sequence_conversion_LP_MSPM0G3507_nortos_ticlang2.out>
ENTRY POINT SYMBOL: "_c_int00_noargs"  address: 0000089d


MEMORY CONFIGURATION

         name            origin    length      used     unused   attr    fill
----------------------  --------  ---------  --------  --------  ----  --------
  FLASH                 00000000   00020000  00000970  0001f690  R  X
  SRAM                  20200000   00008000  00000211  00007def  RW X
  BCR_CONFIG            41c00000   000000ff  00000000  000000ff  R   
  BSL_CONFIG            41c00100   00000080  00000000  00000080  R   


SEGMENT ALLOCATION MAP

run origin  load origin   length   init length attrs members
----------  ----------- ---------- ----------- ----- -------
00000000    00000000    00000970   00000970    r-x
  00000000    00000000    000000c0   000000c0    r-- .intvecs
  000000c0    000000c0    00000878   00000878    r-x .text
  00000938    00000938    00000008   00000008    r-- .rodata
  00000940    00000940    00000030   00000030    r-- .cinit
20200000    20200000    00000011   00000000    rw-
  20200000    20200000    0000000c   00000000    rw- .bss
  2020000c    2020000c    00000005   00000000    rw- .data
20207e00    20207e00    00000200   00000000    rw-
  20207e00    20207e00    00000200   00000000    rw- .stack


SECTION ALLOCATION MAP

 output                                  attributes/
section   page    origin      length       input sections
--------  ----  ----------  ----------   ----------------
.intvecs   0    00000000    000000c0     
                  00000000    000000c0     startup_mspm0g350x_ticlang.o (.intvecs)

.text      0    000000c0    00000878     
                  000000c0    00000244     final_project_main.o (.text.main)
                  00000304    0000009a     libc.a : memcpy16.S.obj (.text:memcpy)
                  0000039e    00000002     startup_mspm0g350x_ticlang.o (.text.Default_Handler)
                  000003a0    0000007c     ti_msp_dl_config.o (.text.SYSCFG_DL_ADC12_0_init)
                  0000041c    00000078     libc.a : copy_decompress_lzss.c.obj (.text:decompress:lzss)
                  00000494    00000070     test_helper.o (.text.InitializeTimerA0_PWM)
                  00000504    00000070     test_helper.o (.text.InitializeTimerA1_PWM)
                  00000574    00000062     libclang_rt.builtins.a : aeabi_fcmp.S.obj (.text.__aeabi_fcmp)
                  000005d6    00000002     ti_msp_dl_config.o (.text.SYSCFG_DL_GPIO_init)
                  000005d8    0000005c     final_project_main.o (.text.ADC0_IRQHandler)
                  00000634    00000058     test_helper.o (.text.InitializeTimerG0)
                  0000068c    00000050     test_helper.o (.text.InitializeGPIO)
                  000006dc    00000040     driverlib.a : dl_adc12.o (.text.DL_ADC12_setClockConfig)
                  0000071c    00000040     ti_msp_dl_config.o (.text.SYSCFG_DL_SYSCTL_init)
                  0000075c    0000003c     libclang_rt.builtins.a : comparesf2.S.obj (.text.__gtsf2)
                  00000798    0000003c     libc.a : autoinit.c.obj (.text:__TI_auto_init_nobinit_nopinit)
                  000007d4    0000003a     libclang_rt.builtins.a : comparesf2.S.obj (.text.__eqsf2)
                  0000080e    00000002     --HOLE-- [fill = 0]
                  00000810    00000034     ti_msp_dl_config.o (.text.SYSCFG_DL_initPower)
                  00000844    00000030     test_helper.o (.text.InitializeProcessor)
                  00000874    00000028     libclang_rt.builtins.a : floatunsisf.S.obj (.text.__floatunsisf)
                  0000089c    00000028     libc.a : boot_cortex_m.c.obj (.text:_c_int00_noargs)
                  000008c4    00000018     final_project_main.o (.text.TIMG0_IRQHandler)
                  000008dc    00000016     libc.a : copy_zero_init.c.obj (.text:decompress:ZI:__TI_zero_init_nomemset)
                  000008f2    00000014     ti_msp_dl_config.o (.text.SYSCFG_DL_init)
                  00000906    00000012     libc.a : copy_decompress_none.c.obj (.text:decompress:none)
                  00000918    0000000a     driverlib.a : dl_common.o (.text.DL_Common_delayCycles)
                  00000922    00000002     --HOLE-- [fill = 0]
                  00000924    00000008     libclang_rt.builtins.a : aeabi_memcpy.S.obj (.text.__aeabi_memcpy)
                  0000092c    00000004     startup_mspm0g350x_ticlang.o (.text.Reset_Handler)
                  00000930    00000004     libc.a : pre_init.c.obj (.text._system_pre_init)
                  00000934    00000004            : exit.c.obj (.text:abort)

.cinit     0    00000940    00000030     
                  00000940    0000000c     (__TI_handler_table)
                  0000094c    00000008     (.cinit..bss.load) [load image, compression = zero_init]
                  00000954    00000007     (.cinit..data.load) [load image, compression = lzss]
                  0000095b    00000001     --HOLE-- [fill = 0]
                  0000095c    00000010     (__TI_cinit_table)
                  0000096c    00000004     --HOLE-- [fill = 0]

.rodata    0    00000938    00000008     
                  00000938    00000008     ti_msp_dl_config.o (.rodata.gADC12_0ClockConfig)

.init_array 
*          0    00000000    00000000     UNINITIALIZED

.binit     0    00000000    00000000     

.bss       0    20200000    0000000c     UNINITIALIZED
                  20200000    00000002     (.common:adc0)
                  20200002    00000002     (.common:adc1)
                  20200004    00000002     (.common:adc2)
                  20200006    00000002     (.common:adc3)
                  20200008    00000002     (.common:adc4)
                  2020000a    00000002     (.common:adc5)

.data      0    2020000c    00000005     UNINITIALIZED
                  2020000c    00000004     final_project_main.o (.data.timerTicked)
                  20200010    00000001     final_project_main.o (.data.gCheckADC)

.stack     0    20207e00    00000200     UNINITIALIZED
                  20207e00    00000004     libc.a : boot_cortex_m.c.obj (.stack)
                  20207e04    000001fc     --HOLE--

__llvm_prf_cnts 
*          0    20200000    00000000     UNINITIALIZED

__llvm_prf_bits 
*          0    20200000    00000000     UNINITIALIZED

MODULE SUMMARY

       Module                         code   ro data   rw data
       ------                         ----   -------   -------
    ./
       final_project_main.o           696    0         17     
       test_helper.o                  440    0         0      
       ti_msp_dl_config.o             262    8         0      
       startup_mspm0g350x_ticlang.o   6      192       0      
    +--+------------------------------+------+---------+---------+
       Total:                         1404   200       17     
                                                              
    /Applications/ccs/tools/compiler/ti-cgt-armllvm_3.2.1.LTS/lib/armv6m-ti-none-eabi/c/libc.a
       memcpy16.S.obj                 154    0         0      
       copy_decompress_lzss.c.obj     120    0         0      
       autoinit.c.obj                 60     0         0      
       boot_cortex_m.c.obj            40     0         0      
       copy_zero_init.c.obj           22     0         0      
       copy_decompress_none.c.obj     18     0         0      
       exit.c.obj                     4      0         0      
       pre_init.c.obj                 4      0         0      
    +--+------------------------------+------+---------+---------+
       Total:                         422    0         0      
                                                              
    /Applications/ccs/tools/compiler/ti-cgt-armllvm_3.2.1.LTS/lib/clang/15.0.7/lib/armv6m-ti-none-eabi/libclang_rt.builtins.a
       comparesf2.S.obj               118    0         0      
       aeabi_fcmp.S.obj               98     0         0      
       floatunsisf.S.obj              40     0         0      
       aeabi_memcpy.S.obj             8      0         0      
    +--+------------------------------+------+---------+---------+
       Total:                         264    0         0      
                                                              
    /Users/surina/ti/mspm0_sdk_2_04_00_06/source/ti/driverlib/lib/ticlang/m0p/mspm0g1x0x_g3x0x/driverlib.a
       dl_adc12.o                     64     0         0      
       dl_common.o                    10     0         0      
    +--+------------------------------+------+---------+---------+
       Total:                         74     0         0      
                                                              
       Stack:                         0      0         512    
       Linker Generated:              0      43        0      
    +--+------------------------------+------+---------+---------+
       Grand Total:                   2164   243       529    


LINKER GENERATED COPY TABLES

__TI_cinit_table @ 0000095c records: 2, size/record: 8, table size: 16
	.bss: load addr=0000094c, load size=00000008 bytes, run addr=20200000, run size=0000000c bytes, compression=zero_init
	.data: load addr=00000954, load size=00000007 bytes, run addr=2020000c, run size=00000005 bytes, compression=lzss


LINKER GENERATED HANDLER TABLE

__TI_handler_table @ 00000940 records: 3, size/record: 4, table size: 12
	index: 0, handler: __TI_decompress_lzss
	index: 1, handler: __TI_decompress_none
	index: 2, handler: __TI_zero_init


GLOBAL SYMBOLS: SORTED ALPHABETICALLY BY Name 

address   name                          
-------   ----                          
000005d9  ADC0_IRQHandler               
0000039f  ADC1_IRQHandler               
0000039f  AES_IRQHandler                
00000934  C$$EXIT                       
0000039f  CANFD0_IRQHandler             
0000039f  DAC0_IRQHandler               
000006dd  DL_ADC12_setClockConfig       
00000919  DL_Common_delayCycles         
0000039f  DMA_IRQHandler                
0000039f  Default_Handler               
0000039f  GROUP0_IRQHandler             
0000039f  GROUP1_IRQHandler             
0000039f  HardFault_Handler             
0000039f  I2C0_IRQHandler               
0000039f  I2C1_IRQHandler               
0000068d  InitializeGPIO                
00000845  InitializeProcessor           
00000495  InitializeTimerA0_PWM         
00000505  InitializeTimerA1_PWM         
00000635  InitializeTimerG0             
0000039f  NMI_Handler                   
0000039f  PendSV_Handler                
0000039f  RTC_IRQHandler                
0000092d  Reset_Handler                 
0000039f  SPI0_IRQHandler               
0000039f  SPI1_IRQHandler               
0000039f  SVC_Handler                   
000003a1  SYSCFG_DL_ADC12_0_init        
000005d7  SYSCFG_DL_GPIO_init           
0000071d  SYSCFG_DL_SYSCTL_init         
000008f3  SYSCFG_DL_init                
00000811  SYSCFG_DL_initPower           
0000039f  SysTick_Handler               
0000039f  TIMA0_IRQHandler              
0000039f  TIMA1_IRQHandler              
000008c5  TIMG0_IRQHandler              
0000039f  TIMG12_IRQHandler             
0000039f  TIMG6_IRQHandler              
0000039f  TIMG7_IRQHandler              
0000039f  TIMG8_IRQHandler              
0000039f  UART0_IRQHandler              
0000039f  UART1_IRQHandler              
0000039f  UART2_IRQHandler              
0000039f  UART3_IRQHandler              
20208000  __STACK_END                   
00000200  __STACK_SIZE                  
00000000  __TI_ATRegion0_region_sz      
00000000  __TI_ATRegion0_src_addr       
00000000  __TI_ATRegion0_trg_addr       
00000000  __TI_ATRegion1_region_sz      
00000000  __TI_ATRegion1_src_addr       
00000000  __TI_ATRegion1_trg_addr       
00000000  __TI_ATRegion2_region_sz      
00000000  __TI_ATRegion2_src_addr       
00000000  __TI_ATRegion2_trg_addr       
0000095c  __TI_CINIT_Base               
0000096c  __TI_CINIT_Limit              
0000096c  __TI_CINIT_Warm               
00000940  __TI_Handler_Table_Base       
0000094c  __TI_Handler_Table_Limit      
00000799  __TI_auto_init_nobinit_nopinit
0000041d  __TI_decompress_lzss          
00000907  __TI_decompress_none          
ffffffff  __TI_pprof_out_hndl           
ffffffff  __TI_prof_data_size           
ffffffff  __TI_prof_data_start          
00000000  __TI_static_base__            
000008dd  __TI_zero_init_nomemset       
00000575  __aeabi_fcmpeq                
000005b1  __aeabi_fcmpge                
000005c5  __aeabi_fcmpgt                
0000059d  __aeabi_fcmple                
00000589  __aeabi_fcmplt                
00000925  __aeabi_memcpy                
00000925  __aeabi_memcpy4               
00000925  __aeabi_memcpy8               
00000875  __aeabi_ui2f                  
ffffffff  __binit__                     
000007d5  __cmpsf2                      
000007d5  __eqsf2                       
00000875  __floatunsisf                 
0000075d  __gesf2                       
0000075d  __gtsf2                       
000007d5  __lesf2                       
000007d5  __ltsf2                       
UNDEFED   __mpu_init                    
000007d5  __nesf2                       
20207e00  __stack                       
20200000  __start___llvm_prf_bits       
20200000  __start___llvm_prf_cnts       
20200000  __stop___llvm_prf_bits        
20200000  __stop___llvm_prf_cnts        
0000089d  _c_int00_noargs               
UNDEFED   _system_post_cinit            
00000931  _system_pre_init              
00000935  abort                         
20200000  adc0                          
20200002  adc1                          
20200004  adc2                          
20200006  adc3                          
20200008  adc4                          
2020000a  adc5                          
ffffffff  binit                         
20200010  gCheckADC                     
00000000  interruptVectors              
000000c1  main                          
00000305  memcpy                        
2020000c  timerTicked                   


GLOBAL SYMBOLS: SORTED BY Symbol Address 

address   name                          
-------   ----                          
00000000  __TI_ATRegion0_region_sz      
00000000  __TI_ATRegion0_src_addr       
00000000  __TI_ATRegion0_trg_addr       
00000000  __TI_ATRegion1_region_sz      
00000000  __TI_ATRegion1_src_addr       
00000000  __TI_ATRegion1_trg_addr       
00000000  __TI_ATRegion2_region_sz      
00000000  __TI_ATRegion2_src_addr       
00000000  __TI_ATRegion2_trg_addr       
00000000  __TI_static_base__            
00000000  interruptVectors              
000000c1  main                          
00000200  __STACK_SIZE                  
00000305  memcpy                        
0000039f  ADC1_IRQHandler               
0000039f  AES_IRQHandler                
0000039f  CANFD0_IRQHandler             
0000039f  DAC0_IRQHandler               
0000039f  DMA_IRQHandler                
0000039f  Default_Handler               
0000039f  GROUP0_IRQHandler             
0000039f  GROUP1_IRQHandler             
0000039f  HardFault_Handler             
0000039f  I2C0_IRQHandler               
0000039f  I2C1_IRQHandler               
0000039f  NMI_Handler                   
0000039f  PendSV_Handler                
0000039f  RTC_IRQHandler                
0000039f  SPI0_IRQHandler               
0000039f  SPI1_IRQHandler               
0000039f  SVC_Handler                   
0000039f  SysTick_Handler               
0000039f  TIMA0_IRQHandler              
0000039f  TIMA1_IRQHandler              
0000039f  TIMG12_IRQHandler             
0000039f  TIMG6_IRQHandler              
0000039f  TIMG7_IRQHandler              
0000039f  TIMG8_IRQHandler              
0000039f  UART0_IRQHandler              
0000039f  UART1_IRQHandler              
0000039f  UART2_IRQHandler              
0000039f  UART3_IRQHandler              
000003a1  SYSCFG_DL_ADC12_0_init        
0000041d  __TI_decompress_lzss          
00000495  InitializeTimerA0_PWM         
00000505  InitializeTimerA1_PWM         
00000575  __aeabi_fcmpeq                
00000589  __aeabi_fcmplt                
0000059d  __aeabi_fcmple                
000005b1  __aeabi_fcmpge                
000005c5  __aeabi_fcmpgt                
000005d7  SYSCFG_DL_GPIO_init           
000005d9  ADC0_IRQHandler               
00000635  InitializeTimerG0             
0000068d  InitializeGPIO                
000006dd  DL_ADC12_setClockConfig       
0000071d  SYSCFG_DL_SYSCTL_init         
0000075d  __gesf2                       
0000075d  __gtsf2                       
00000799  __TI_auto_init_nobinit_nopinit
000007d5  __cmpsf2                      
000007d5  __eqsf2                       
000007d5  __lesf2                       
000007d5  __ltsf2                       
000007d5  __nesf2                       
00000811  SYSCFG_DL_initPower           
00000845  InitializeProcessor           
00000875  __aeabi_ui2f                  
00000875  __floatunsisf                 
0000089d  _c_int00_noargs               
000008c5  TIMG0_IRQHandler              
000008dd  __TI_zero_init_nomemset       
000008f3  SYSCFG_DL_init                
00000907  __TI_decompress_none          
00000919  DL_Common_delayCycles         
00000925  __aeabi_memcpy                
00000925  __aeabi_memcpy4               
00000925  __aeabi_memcpy8               
0000092d  Reset_Handler                 
00000931  _system_pre_init              
00000934  C$$EXIT                       
00000935  abort                         
00000940  __TI_Handler_Table_Base       
0000094c  __TI_Handler_Table_Limit      
0000095c  __TI_CINIT_Base               
0000096c  __TI_CINIT_Limit              
0000096c  __TI_CINIT_Warm               
20200000  __start___llvm_prf_bits       
20200000  __start___llvm_prf_cnts       
20200000  __stop___llvm_prf_bits        
20200000  __stop___llvm_prf_cnts        
20200000  adc0                          
20200002  adc1                          
20200004  adc2                          
20200006  adc3                          
20200008  adc4                          
2020000a  adc5                          
2020000c  timerTicked                   
20200010  gCheckADC                     
20207e00  __stack                       
20208000  __STACK_END                   
ffffffff  __TI_pprof_out_hndl           
ffffffff  __TI_prof_data_size           
ffffffff  __TI_prof_data_start          
ffffffff  __binit__                     
ffffffff  binit                         
UNDEFED   __mpu_init                    
UNDEFED   _system_post_cinit            

[108 symbols]
