<?xml version="1.0" encoding="ISO-8859-1" ?>
<link_info>
   <banner>TI ARM Clang Linker Unix v3.2.1.LTS</banner>
   <copyright>Copyright (c) 1996-2018 Texas Instruments Incorporated</copyright>
   <link_time>0x681a75c1</link_time>
   <link_errors>0x0</link_errors>
   <output_file>/Users/surina/Documents/adc12_sequence_conversion_LP_MSPM0G3507_nortos_ticlang2/Debug/adc12_sequence_conversion_LP_MSPM0G3507_nortos_ticlang2.out</output_file>
   <entry_point>
      <name>_c_int00_noargs</name>
      <address>0x89d</address>
   </entry_point>
   <input_file_list>
      <input_file id="fl-1">
         <path>/Users/surina/Documents/adc12_sequence_conversion_LP_MSPM0G3507_nortos_ticlang2/Debug/./</path>
         <kind>object</kind>
         <file>adc12_sequence_conversion.o</file>
         <name>adc12_sequence_conversion.o</name>
      </input_file>
      <input_file id="fl-2">
         <path>/Users/surina/Documents/adc12_sequence_conversion_LP_MSPM0G3507_nortos_ticlang2/Debug/./</path>
         <kind>object</kind>
         <file>ti_msp_dl_config.o</file>
         <name>ti_msp_dl_config.o</name>
      </input_file>
      <input_file id="fl-3">
         <path>/Users/surina/Documents/adc12_sequence_conversion_LP_MSPM0G3507_nortos_ticlang2/Debug/./</path>
         <kind>object</kind>
         <file>startup_mspm0g350x_ticlang.o</file>
         <name>startup_mspm0g350x_ticlang.o</name>
      </input_file>
      <input_file id="fl-4">
         <path>/Users/surina/Documents/adc12_sequence_conversion_LP_MSPM0G3507_nortos_ticlang2/Debug/./</path>
         <kind>object</kind>
         <file>final_project_main.o</file>
         <name>final_project_main.o</name>
      </input_file>
      <input_file id="fl-5">
         <path>/Users/surina/Documents/adc12_sequence_conversion_LP_MSPM0G3507_nortos_ticlang2/Debug/./</path>
         <kind>object</kind>
         <file>test_helper.o</file>
         <name>test_helper.o</name>
      </input_file>
      <input_file id="fl-12">
         <path>/Users/surina/Documents/adc12_sequence_conversion_LP_MSPM0G3507_nortos_ticlang2/Debug/</path>
         <kind>object</kind>
         <file>&lt;internal&gt;</file>
         <name>&lt;internal&gt;</name>
      </input_file>
      <input_file id="fl-13">
         <path>/Users/surina/ti/mspm0_sdk_2_04_00_06/source/ti/driverlib/lib/ticlang/m0p/mspm0g1x0x_g3x0x/</path>
         <kind>archive</kind>
         <file>driverlib.a</file>
         <name>dl_adc12.o</name>
      </input_file>
      <input_file id="fl-14">
         <path>/Users/surina/ti/mspm0_sdk_2_04_00_06/source/ti/driverlib/lib/ticlang/m0p/mspm0g1x0x_g3x0x/</path>
         <kind>archive</kind>
         <file>driverlib.a</file>
         <name>dl_common.o</name>
      </input_file>
      <input_file id="fl-23">
         <path>/Applications/ccs/tools/compiler/ti-cgt-armllvm_3.2.1.LTS/lib/armv6m-ti-none-eabi/c/</path>
         <kind>archive</kind>
         <file>libc.a</file>
         <name>boot_cortex_m.c.obj</name>
      </input_file>
      <input_file id="fl-24">
         <path>/Applications/ccs/tools/compiler/ti-cgt-armllvm_3.2.1.LTS/lib/armv6m-ti-none-eabi/c/</path>
         <kind>archive</kind>
         <file>libc.a</file>
         <name>mathacl_init.c.obj</name>
      </input_file>
      <input_file id="fl-25">
         <path>/Applications/ccs/tools/compiler/ti-cgt-armllvm_3.2.1.LTS/lib/armv6m-ti-none-eabi/c/</path>
         <kind>archive</kind>
         <file>libc.a</file>
         <name>autoinit.c.obj</name>
      </input_file>
      <input_file id="fl-26">
         <path>/Applications/ccs/tools/compiler/ti-cgt-armllvm_3.2.1.LTS/lib/armv6m-ti-none-eabi/c/</path>
         <kind>archive</kind>
         <file>libc.a</file>
         <name>pre_init.c.obj</name>
      </input_file>
      <input_file id="fl-27">
         <path>/Applications/ccs/tools/compiler/ti-cgt-armllvm_3.2.1.LTS/lib/armv6m-ti-none-eabi/c/</path>
         <kind>archive</kind>
         <file>libc.a</file>
         <name>cpy_tbl.c.obj</name>
      </input_file>
      <input_file id="fl-28">
         <path>/Applications/ccs/tools/compiler/ti-cgt-armllvm_3.2.1.LTS/lib/armv6m-ti-none-eabi/c/</path>
         <kind>archive</kind>
         <file>libc.a</file>
         <name>copy_zero_init.c.obj</name>
      </input_file>
      <input_file id="fl-29">
         <path>/Applications/ccs/tools/compiler/ti-cgt-armllvm_3.2.1.LTS/lib/armv6m-ti-none-eabi/c/</path>
         <kind>archive</kind>
         <file>libc.a</file>
         <name>copy_decompress_none.c.obj</name>
      </input_file>
      <input_file id="fl-2a">
         <path>/Applications/ccs/tools/compiler/ti-cgt-armllvm_3.2.1.LTS/lib/armv6m-ti-none-eabi/c/</path>
         <kind>archive</kind>
         <file>libc.a</file>
         <name>copy_decompress_lzss.c.obj</name>
      </input_file>
      <input_file id="fl-2b">
         <path>/Applications/ccs/tools/compiler/ti-cgt-armllvm_3.2.1.LTS/lib/armv6m-ti-none-eabi/c/</path>
         <kind>archive</kind>
         <file>libc.a</file>
         <name>exit.c.obj</name>
      </input_file>
      <input_file id="fl-2c">
         <path>/Applications/ccs/tools/compiler/ti-cgt-armllvm_3.2.1.LTS/lib/armv6m-ti-none-eabi/c/</path>
         <kind>archive</kind>
         <file>libc.a</file>
         <name>_lock.c.obj</name>
      </input_file>
      <input_file id="fl-2d">
         <path>/Applications/ccs/tools/compiler/ti-cgt-armllvm_3.2.1.LTS/lib/armv6m-ti-none-eabi/c/</path>
         <kind>archive</kind>
         <file>libc.a</file>
         <name>args_main.c.obj</name>
      </input_file>
      <input_file id="fl-93">
         <path>/Applications/ccs/tools/compiler/ti-cgt-armllvm_3.2.1.LTS/lib/clang/15.0.7/lib/armv6m-ti-none-eabi/</path>
         <kind>archive</kind>
         <file>libclang_rt.builtins.a</file>
         <name>floatunsisf.S.obj</name>
      </input_file>
      <input_file id="fl-94">
         <path>/Applications/ccs/tools/compiler/ti-cgt-armllvm_3.2.1.LTS/lib/clang/15.0.7/lib/armv6m-ti-none-eabi/</path>
         <kind>archive</kind>
         <file>libclang_rt.builtins.a</file>
         <name>aeabi_fcmp.S.obj</name>
      </input_file>
      <input_file id="fl-95">
         <path>/Applications/ccs/tools/compiler/ti-cgt-armllvm_3.2.1.LTS/lib/clang/15.0.7/lib/armv6m-ti-none-eabi/</path>
         <kind>archive</kind>
         <file>libclang_rt.builtins.a</file>
         <name>aeabi_memcpy.S.obj</name>
      </input_file>
      <input_file id="fl-96">
         <path>/Applications/ccs/tools/compiler/ti-cgt-armllvm_3.2.1.LTS/lib/clang/15.0.7/lib/armv6m-ti-none-eabi/</path>
         <kind>archive</kind>
         <file>libclang_rt.builtins.a</file>
         <name>aeabi_memset.S.obj</name>
      </input_file>
      <input_file id="fl-97">
         <path>/Applications/ccs/tools/compiler/ti-cgt-armllvm_3.2.1.LTS/lib/clang/15.0.7/lib/armv6m-ti-none-eabi/</path>
         <kind>archive</kind>
         <file>libclang_rt.builtins.a</file>
         <name>comparesf2.S.obj</name>
      </input_file>
      <input_file id="fl-98">
         <path>/Applications/ccs/tools/compiler/ti-cgt-armllvm_3.2.1.LTS/lib/armv6m-ti-none-eabi/c/</path>
         <kind>archive</kind>
         <file>libc.a</file>
         <name>memcpy16.S.obj</name>
      </input_file>
      <input_file id="fl-99">
         <path>/Applications/ccs/tools/compiler/ti-cgt-armllvm_3.2.1.LTS/lib/armv6m-ti-none-eabi/c/</path>
         <kind>archive</kind>
         <file>libc.a</file>
         <name>memset16.S.obj</name>
      </input_file>
   </input_file_list>
   <object_component_list>
      <object_component id="oc-18">
         <name>.intvecs</name>
         <load_address>0x0</load_address>
         <readonly>true</readonly>
         <run_address>0x0</run_address>
         <size>0xc0</size>
         <alignment>0x4</alignment>
         <input_file_ref idref="fl-3"/>
      </object_component>
      <object_component id="oc-74">
         <name>.text.main</name>
         <load_address>0xc0</load_address>
         <readonly>true</readonly>
         <executable>true</executable>
         <run_address>0xc0</run_address>
         <size>0x244</size>
         <alignment>0x4</alignment>
         <input_file_ref idref="fl-4"/>
      </object_component>
      <object_component id="oc-84">
         <name>.text:memcpy</name>
         <load_address>0x304</load_address>
         <readonly>true</readonly>
         <executable>true</executable>
         <run_address>0x304</run_address>
         <size>0x9a</size>
         <alignment>0x1</alignment>
         <input_file_ref idref="fl-98"/>
      </object_component>
      <object_component id="oc-33">
         <name>.text.Default_Handler</name>
         <load_address>0x39e</load_address>
         <readonly>true</readonly>
         <executable>true</executable>
         <run_address>0x39e</run_address>
         <size>0x2</size>
         <alignment>0x2</alignment>
         <input_file_ref idref="fl-3"/>
      </object_component>
      <object_component id="oc-c6">
         <name>.text.SYSCFG_DL_ADC12_0_init</name>
         <load_address>0x3a0</load_address>
         <readonly>true</readonly>
         <executable>true</executable>
         <run_address>0x3a0</run_address>
         <size>0x7c</size>
         <alignment>0x4</alignment>
         <input_file_ref idref="fl-2"/>
      </object_component>
      <object_component id="oc-1c">
         <name>.text:decompress:lzss</name>
         <load_address>0x41c</load_address>
         <readonly>true</readonly>
         <executable>true</executable>
         <run_address>0x41c</run_address>
         <size>0x78</size>
         <alignment>0x4</alignment>
         <input_file_ref idref="fl-2a"/>
      </object_component>
      <object_component id="oc-92">
         <name>.text.InitializeTimerA0_PWM</name>
         <load_address>0x494</load_address>
         <readonly>true</readonly>
         <executable>true</executable>
         <run_address>0x494</run_address>
         <size>0x70</size>
         <alignment>0x4</alignment>
         <input_file_ref idref="fl-5"/>
      </object_component>
      <object_component id="oc-91">
         <name>.text.InitializeTimerA1_PWM</name>
         <load_address>0x504</load_address>
         <readonly>true</readonly>
         <executable>true</executable>
         <run_address>0x504</run_address>
         <size>0x70</size>
         <alignment>0x4</alignment>
         <input_file_ref idref="fl-5"/>
      </object_component>
      <object_component id="oc-9c">
         <name>.text.__aeabi_fcmp</name>
         <load_address>0x574</load_address>
         <readonly>true</readonly>
         <executable>true</executable>
         <run_address>0x574</run_address>
         <size>0x62</size>
         <alignment>0x4</alignment>
         <input_file_ref idref="fl-94"/>
      </object_component>
      <object_component id="oc-c3">
         <name>.text.SYSCFG_DL_GPIO_init</name>
         <load_address>0x5d6</load_address>
         <readonly>true</readonly>
         <executable>true</executable>
         <run_address>0x5d6</run_address>
         <size>0x2</size>
         <alignment>0x2</alignment>
         <input_file_ref idref="fl-2"/>
      </object_component>
      <object_component id="oc-34">
         <name>.text.ADC0_IRQHandler</name>
         <load_address>0x5d8</load_address>
         <readonly>true</readonly>
         <executable>true</executable>
         <run_address>0x5d8</run_address>
         <size>0x5c</size>
         <alignment>0x4</alignment>
         <input_file_ref idref="fl-4"/>
      </object_component>
      <object_component id="oc-90">
         <name>.text.InitializeTimerG0</name>
         <load_address>0x634</load_address>
         <readonly>true</readonly>
         <executable>true</executable>
         <run_address>0x634</run_address>
         <size>0x58</size>
         <alignment>0x4</alignment>
         <input_file_ref idref="fl-5"/>
      </object_component>
      <object_component id="oc-8f">
         <name>.text.InitializeGPIO</name>
         <load_address>0x68c</load_address>
         <readonly>true</readonly>
         <executable>true</executable>
         <run_address>0x68c</run_address>
         <size>0x50</size>
         <alignment>0x4</alignment>
         <input_file_ref idref="fl-5"/>
      </object_component>
      <object_component id="oc-e2">
         <name>.text.DL_ADC12_setClockConfig</name>
         <load_address>0x6dc</load_address>
         <readonly>true</readonly>
         <executable>true</executable>
         <run_address>0x6dc</run_address>
         <size>0x40</size>
         <alignment>0x4</alignment>
         <input_file_ref idref="fl-13"/>
      </object_component>
      <object_component id="oc-c4">
         <name>.text.SYSCFG_DL_SYSCTL_init</name>
         <load_address>0x71c</load_address>
         <readonly>true</readonly>
         <executable>true</executable>
         <run_address>0x71c</run_address>
         <size>0x40</size>
         <alignment>0x4</alignment>
         <input_file_ref idref="fl-2"/>
      </object_component>
      <object_component id="oc-cf">
         <name>.text.__gtsf2</name>
         <load_address>0x75c</load_address>
         <readonly>true</readonly>
         <executable>true</executable>
         <run_address>0x75c</run_address>
         <size>0x3c</size>
         <alignment>0x4</alignment>
         <input_file_ref idref="fl-97"/>
      </object_component>
      <object_component id="oc-a7">
         <name>.text:__TI_auto_init_nobinit_nopinit</name>
         <load_address>0x798</load_address>
         <readonly>true</readonly>
         <executable>true</executable>
         <run_address>0x798</run_address>
         <size>0x3c</size>
         <alignment>0x4</alignment>
         <input_file_ref idref="fl-25"/>
      </object_component>
      <object_component id="oc-ca">
         <name>.text.__eqsf2</name>
         <load_address>0x7d4</load_address>
         <readonly>true</readonly>
         <executable>true</executable>
         <run_address>0x7d4</run_address>
         <size>0x3a</size>
         <alignment>0x4</alignment>
         <input_file_ref idref="fl-97"/>
      </object_component>
      <object_component id="oc-c2">
         <name>.text.SYSCFG_DL_initPower</name>
         <load_address>0x810</load_address>
         <readonly>true</readonly>
         <executable>true</executable>
         <run_address>0x810</run_address>
         <size>0x34</size>
         <alignment>0x4</alignment>
         <input_file_ref idref="fl-2"/>
      </object_component>
      <object_component id="oc-89">
         <name>.text.InitializeProcessor</name>
         <load_address>0x844</load_address>
         <readonly>true</readonly>
         <executable>true</executable>
         <run_address>0x844</run_address>
         <size>0x30</size>
         <alignment>0x4</alignment>
         <input_file_ref idref="fl-5"/>
      </object_component>
      <object_component id="oc-98">
         <name>.text.__floatunsisf</name>
         <load_address>0x874</load_address>
         <readonly>true</readonly>
         <executable>true</executable>
         <run_address>0x874</run_address>
         <size>0x28</size>
         <alignment>0x4</alignment>
         <input_file_ref idref="fl-93"/>
      </object_component>
      <object_component id="oc-55">
         <name>.text:_c_int00_noargs</name>
         <load_address>0x89c</load_address>
         <readonly>true</readonly>
         <executable>true</executable>
         <run_address>0x89c</run_address>
         <size>0x28</size>
         <alignment>0x4</alignment>
         <input_file_ref idref="fl-23"/>
      </object_component>
      <object_component id="oc-39">
         <name>.text.TIMG0_IRQHandler</name>
         <load_address>0x8c4</load_address>
         <readonly>true</readonly>
         <executable>true</executable>
         <run_address>0x8c4</run_address>
         <size>0x18</size>
         <alignment>0x4</alignment>
         <input_file_ref idref="fl-4"/>
      </object_component>
      <object_component id="oc-4c">
         <name>.text:decompress:ZI:__TI_zero_init_nomemset</name>
         <load_address>0x8dc</load_address>
         <readonly>true</readonly>
         <executable>true</executable>
         <run_address>0x8dc</run_address>
         <size>0x16</size>
         <alignment>0x2</alignment>
         <input_file_ref idref="fl-28"/>
      </object_component>
      <object_component id="oc-93">
         <name>.text.SYSCFG_DL_init</name>
         <load_address>0x8f2</load_address>
         <readonly>true</readonly>
         <executable>true</executable>
         <run_address>0x8f2</run_address>
         <size>0x14</size>
         <alignment>0x2</alignment>
         <input_file_ref idref="fl-2"/>
      </object_component>
      <object_component id="oc-20">
         <name>.text:decompress:none</name>
         <load_address>0x906</load_address>
         <readonly>true</readonly>
         <executable>true</executable>
         <run_address>0x906</run_address>
         <size>0x12</size>
         <alignment>0x2</alignment>
         <input_file_ref idref="fl-29"/>
      </object_component>
      <object_component id="oc-de">
         <name>.text.DL_Common_delayCycles</name>
         <load_address>0x918</load_address>
         <readonly>true</readonly>
         <executable>true</executable>
         <run_address>0x918</run_address>
         <size>0xa</size>
         <alignment>0x2</alignment>
         <input_file_ref idref="fl-14"/>
      </object_component>
      <object_component id="oc-45">
         <name>.text.__aeabi_memcpy</name>
         <load_address>0x924</load_address>
         <readonly>true</readonly>
         <executable>true</executable>
         <run_address>0x924</run_address>
         <size>0x8</size>
         <alignment>0x4</alignment>
         <input_file_ref idref="fl-95"/>
      </object_component>
      <object_component id="oc-2f">
         <name>.text.Reset_Handler</name>
         <load_address>0x92c</load_address>
         <readonly>true</readonly>
         <executable>true</executable>
         <run_address>0x92c</run_address>
         <size>0x4</size>
         <alignment>0x2</alignment>
         <input_file_ref idref="fl-3"/>
      </object_component>
      <object_component id="oc-70">
         <name>.text._system_pre_init</name>
         <load_address>0x930</load_address>
         <readonly>true</readonly>
         <executable>true</executable>
         <run_address>0x930</run_address>
         <size>0x4</size>
         <alignment>0x2</alignment>
         <input_file_ref idref="fl-26"/>
      </object_component>
      <object_component id="oc-a0">
         <name>.text:abort</name>
         <load_address>0x934</load_address>
         <readonly>true</readonly>
         <executable>true</executable>
         <run_address>0x934</run_address>
         <size>0x4</size>
         <alignment>0x2</alignment>
         <input_file_ref idref="fl-2b"/>
      </object_component>
      <object_component id="oc-137">
         <name>__TI_handler_table</name>
         <load_address>0x940</load_address>
         <readonly>true</readonly>
         <run_address>0x940</run_address>
         <size>0xc</size>
         <alignment>0x4</alignment>
      </object_component>
      <object_component id="oc-13a">
         <name>.cinit..bss.load</name>
         <load_address>0x94c</load_address>
         <readonly>true</readonly>
         <run_address>0x94c</run_address>
         <size>0x8</size>
         <alignment>0x4</alignment>
      </object_component>
      <object_component id="oc-139">
         <name>.cinit..data.load</name>
         <load_address>0x954</load_address>
         <readonly>true</readonly>
         <run_address>0x954</run_address>
         <size>0x7</size>
         <alignment>0x1</alignment>
      </object_component>
      <object_component id="oc-138">
         <name>__TI_cinit_table</name>
         <load_address>0x95c</load_address>
         <readonly>true</readonly>
         <run_address>0x95c</run_address>
         <size>0x10</size>
         <alignment>0x4</alignment>
      </object_component>
      <object_component id="oc-e8">
         <name>.rodata.gADC12_0ClockConfig</name>
         <load_address>0x938</load_address>
         <readonly>true</readonly>
         <run_address>0x938</run_address>
         <size>0x8</size>
         <alignment>0x4</alignment>
         <input_file_ref idref="fl-2"/>
      </object_component>
      <object_component id="oc-101">
         <name>.binit</name>
         <load_address>0x0</load_address>
         <readonly>true</readonly>
         <run_address>0x0</run_address>
         <size>0x0</size>
         <alignment>0x4</alignment>
      </object_component>
      <object_component id="oc-66">
         <name>.data.timerTicked</name>
         <load_address>0x2020000c</load_address>
         <readwrite>true</readwrite>
         <run_address>0x2020000c</run_address>
         <size>0x4</size>
         <alignment>0x4</alignment>
         <input_file_ref idref="fl-4"/>
      </object_component>
      <object_component id="oc-5c">
         <name>.data.gCheckADC</name>
         <load_address>0x20200010</load_address>
         <readwrite>true</readwrite>
         <run_address>0x20200010</run_address>
         <size>0x1</size>
         <alignment>0x1</alignment>
         <input_file_ref idref="fl-4"/>
      </object_component>
      <object_component id="oc-60">
         <name>.common:adc3</name>
         <uninitialized>true</uninitialized>
         <readwrite>true</readwrite>
         <run_address>0x20200006</run_address>
         <size>0x2</size>
         <alignment>0x2</alignment>
      </object_component>
      <object_component id="oc-61">
         <name>.common:adc4</name>
         <uninitialized>true</uninitialized>
         <readwrite>true</readwrite>
         <run_address>0x20200008</run_address>
         <size>0x2</size>
         <alignment>0x2</alignment>
      </object_component>
      <object_component id="oc-62">
         <name>.common:adc5</name>
         <uninitialized>true</uninitialized>
         <readwrite>true</readwrite>
         <run_address>0x2020000a</run_address>
         <size>0x2</size>
         <alignment>0x2</alignment>
      </object_component>
      <object_component id="oc-5d">
         <name>.common:adc0</name>
         <uninitialized>true</uninitialized>
         <readwrite>true</readwrite>
         <run_address>0x20200000</run_address>
         <size>0x2</size>
         <alignment>0x2</alignment>
      </object_component>
      <object_component id="oc-5e">
         <name>.common:adc1</name>
         <uninitialized>true</uninitialized>
         <readwrite>true</readwrite>
         <run_address>0x20200002</run_address>
         <size>0x2</size>
         <alignment>0x2</alignment>
      </object_component>
      <object_component id="oc-5f">
         <name>.common:adc2</name>
         <uninitialized>true</uninitialized>
         <readwrite>true</readwrite>
         <run_address>0x20200004</run_address>
         <size>0x2</size>
         <alignment>0x2</alignment>
      </object_component>
      <object_component id="oc-1a">
         <name>.stack</name>
         <uninitialized>true</uninitialized>
         <readwrite>true</readwrite>
         <run_address>0x20207e00</run_address>
         <size>0x4</size>
         <alignment>0x4</alignment>
         <input_file_ref idref="fl-23"/>
      </object_component>
      <object_component id="oc-13c">
         <name>.stack</name>
         <uninitialized>true</uninitialized>
         <readwrite>true</readwrite>
         <run_address>0x20207e00</run_address>
         <size>0x0</size>
         <alignment>0x8</alignment>
      </object_component>
      <object_component id="oc-c5">
         <name>.debug_loc</name>
         <load_address>0x0</load_address>
         <run_address>0x0</run_address>
         <size>0xa8</size>
         <alignment>0x1</alignment>
         <input_file_ref idref="fl-2"/>
      </object_component>
      <object_component id="oc-65">
         <name>.debug_loc</name>
         <load_address>0xa8</load_address>
         <run_address>0xa8</run_address>
         <size>0xf0</size>
         <alignment>0x1</alignment>
         <input_file_ref idref="fl-4"/>
      </object_component>
      <object_component id="oc-8a">
         <name>.debug_loc</name>
         <load_address>0x198</load_address>
         <run_address>0x198</run_address>
         <size>0x11c</size>
         <alignment>0x1</alignment>
         <input_file_ref idref="fl-5"/>
      </object_component>
      <object_component id="oc-e3">
         <name>.debug_loc</name>
         <load_address>0x2b4</load_address>
         <run_address>0x2b4</run_address>
         <size>0xc7</size>
         <alignment>0x1</alignment>
         <input_file_ref idref="fl-13"/>
      </object_component>
      <object_component id="oc-f5">
         <name>.debug_loc</name>
         <load_address>0x37b</load_address>
         <run_address>0x37b</run_address>
         <size>0x13</size>
         <alignment>0x1</alignment>
         <input_file_ref idref="fl-14"/>
      </object_component>
      <object_component id="oc-40">
         <name>.debug_loc</name>
         <load_address>0x38e</load_address>
         <run_address>0x38e</run_address>
         <size>0xd8</size>
         <alignment>0x1</alignment>
         <input_file_ref idref="fl-23"/>
      </object_component>
      <object_component id="oc-a8">
         <name>.debug_loc</name>
         <load_address>0x466</load_address>
         <run_address>0x466</run_address>
         <size>0x480</size>
         <alignment>0x1</alignment>
         <input_file_ref idref="fl-25"/>
      </object_component>
      <object_component id="oc-4d">
         <name>.debug_loc</name>
         <load_address>0x8e6</load_address>
         <run_address>0x8e6</run_address>
         <size>0x16c</size>
         <alignment>0x1</alignment>
         <input_file_ref idref="fl-28"/>
      </object_component>
      <object_component id="oc-4b">
         <name>.debug_loc</name>
         <load_address>0xa52</load_address>
         <run_address>0xa52</run_address>
         <size>0x6f</size>
         <alignment>0x1</alignment>
         <input_file_ref idref="fl-29"/>
      </object_component>
      <object_component id="oc-43">
         <name>.debug_loc</name>
         <load_address>0xac1</load_address>
         <run_address>0xac1</run_address>
         <size>0x166</size>
         <alignment>0x1</alignment>
         <input_file_ref idref="fl-2a"/>
      </object_component>
      <object_component id="oc-a6">
         <name>.debug_loc</name>
         <load_address>0xc27</load_address>
         <run_address>0xc27</run_address>
         <size>0x26</size>
         <alignment>0x1</alignment>
         <input_file_ref idref="fl-2b"/>
      </object_component>
      <object_component id="oc-c7">
         <name>.debug_abbrev</name>
         <load_address>0x0</load_address>
         <run_address>0x0</run_address>
         <size>0x1d2</size>
         <alignment>0x1</alignment>
         <input_file_ref idref="fl-2"/>
      </object_component>
      <object_component id="oc-3a">
         <name>.debug_abbrev</name>
         <load_address>0x1d2</load_address>
         <run_address>0x1d2</run_address>
         <size>0x6d</size>
         <alignment>0x1</alignment>
         <input_file_ref idref="fl-3"/>
      </object_component>
      <object_component id="oc-63">
         <name>.debug_abbrev</name>
         <load_address>0x23f</load_address>
         <run_address>0x23f</run_address>
         <size>0x1fb</size>
         <alignment>0x1</alignment>
         <input_file_ref idref="fl-4"/>
      </object_component>
      <object_component id="oc-c0">
         <name>.debug_abbrev</name>
         <load_address>0x43a</load_address>
         <run_address>0x43a</run_address>
         <size>0x14e</size>
         <alignment>0x1</alignment>
         <input_file_ref idref="fl-5"/>
      </object_component>
      <object_component id="oc-f6">
         <name>.debug_abbrev</name>
         <load_address>0x588</load_address>
         <run_address>0x588</run_address>
         <size>0x171</size>
         <alignment>0x1</alignment>
         <input_file_ref idref="fl-13"/>
      </object_component>
      <object_component id="oc-f3">
         <name>.debug_abbrev</name>
         <load_address>0x6f9</load_address>
         <run_address>0x6f9</run_address>
         <size>0x62</size>
         <alignment>0x1</alignment>
         <input_file_ref idref="fl-14"/>
      </object_component>
      <object_component id="oc-3c">
         <name>.debug_abbrev</name>
         <load_address>0x75b</load_address>
         <run_address>0x75b</run_address>
         <size>0xaf</size>
         <alignment>0x1</alignment>
         <input_file_ref idref="fl-23"/>
      </object_component>
      <object_component id="oc-d7">
         <name>.debug_abbrev</name>
         <load_address>0x80a</load_address>
         <run_address>0x80a</run_address>
         <size>0x186</size>
         <alignment>0x1</alignment>
         <input_file_ref idref="fl-25"/>
      </object_component>
      <object_component id="oc-87">
         <name>.debug_abbrev</name>
         <load_address>0x990</load_address>
         <run_address>0x990</run_address>
         <size>0x39</size>
         <alignment>0x1</alignment>
         <input_file_ref idref="fl-26"/>
      </object_component>
      <object_component id="oc-69">
         <name>.debug_abbrev</name>
         <load_address>0x9c9</load_address>
         <run_address>0x9c9</run_address>
         <size>0xc2</size>
         <alignment>0x1</alignment>
         <input_file_ref idref="fl-28"/>
      </object_component>
      <object_component id="oc-49">
         <name>.debug_abbrev</name>
         <load_address>0xa8b</load_address>
         <run_address>0xa8b</run_address>
         <size>0x70</size>
         <alignment>0x1</alignment>
         <input_file_ref idref="fl-29"/>
      </object_component>
      <object_component id="oc-41">
         <name>.debug_abbrev</name>
         <load_address>0xafb</load_address>
         <run_address>0xafb</run_address>
         <size>0x8d</size>
         <alignment>0x1</alignment>
         <input_file_ref idref="fl-2a"/>
      </object_component>
      <object_component id="oc-d1">
         <name>.debug_abbrev</name>
         <load_address>0xb88</load_address>
         <run_address>0xb88</run_address>
         <size>0xb3</size>
         <alignment>0x1</alignment>
         <input_file_ref idref="fl-2b"/>
      </object_component>
      <object_component id="oc-c9">
         <name>.debug_abbrev</name>
         <load_address>0xc3b</load_address>
         <run_address>0xc3b</run_address>
         <size>0x27</size>
         <alignment>0x1</alignment>
         <input_file_ref idref="fl-93"/>
      </object_component>
      <object_component id="oc-d0">
         <name>.debug_abbrev</name>
         <load_address>0xc62</load_address>
         <run_address>0xc62</run_address>
         <size>0x27</size>
         <alignment>0x1</alignment>
         <input_file_ref idref="fl-94"/>
      </object_component>
      <object_component id="oc-68">
         <name>.debug_abbrev</name>
         <load_address>0xc89</load_address>
         <run_address>0xc89</run_address>
         <size>0x27</size>
         <alignment>0x1</alignment>
         <input_file_ref idref="fl-95"/>
      </object_component>
      <object_component id="oc-e9">
         <name>.debug_abbrev</name>
         <load_address>0xcb0</load_address>
         <run_address>0xcb0</run_address>
         <size>0x25</size>
         <alignment>0x1</alignment>
         <input_file_ref idref="fl-97"/>
      </object_component>
      <object_component id="oc-b9">
         <name>.debug_abbrev</name>
         <load_address>0xcd5</load_address>
         <run_address>0xcd5</run_address>
         <size>0x25</size>
         <alignment>0x1</alignment>
         <input_file_ref idref="fl-98"/>
      </object_component>
      <object_component id="oc-13e">
         <name>.debug_abbrev</name>
         <load_address>0xcfa</load_address>
         <run_address>0xcfa</run_address>
         <size>0xf</size>
         <alignment>0x0</alignment>
      </object_component>
      <object_component id="oc-94">
         <name>.debug_info</name>
         <load_address>0x0</load_address>
         <run_address>0x0</run_address>
         <size>0x199d</size>
         <alignment>0x1</alignment>
         <input_file_ref idref="fl-2"/>
      </object_component>
      <object_component id="oc-19">
         <name>.debug_info</name>
         <load_address>0x199d</load_address>
         <run_address>0x199d</run_address>
         <size>0x80</size>
         <alignment>0x1</alignment>
         <input_file_ref idref="fl-3"/>
      </object_component>
      <object_component id="oc-35">
         <name>.debug_info</name>
         <load_address>0x1a1d</load_address>
         <run_address>0x1a1d</run_address>
         <size>0x11b7</size>
         <alignment>0x1</alignment>
         <input_file_ref idref="fl-4"/>
      </object_component>
      <object_component id="oc-8b">
         <name>.debug_info</name>
         <load_address>0x2bd4</load_address>
         <run_address>0x2bd4</run_address>
         <size>0x184e</size>
         <alignment>0x1</alignment>
         <input_file_ref idref="fl-5"/>
      </object_component>
      <object_component id="oc-e4">
         <name>.debug_info</name>
         <load_address>0x4422</load_address>
         <run_address>0x4422</run_address>
         <size>0x745</size>
         <alignment>0x1</alignment>
         <input_file_ref idref="fl-13"/>
      </object_component>
      <object_component id="oc-df">
         <name>.debug_info</name>
         <load_address>0x4b67</load_address>
         <run_address>0x4b67</run_address>
         <size>0x75</size>
         <alignment>0x1</alignment>
         <input_file_ref idref="fl-14"/>
      </object_component>
      <object_component id="oc-1b">
         <name>.debug_info</name>
         <load_address>0x4bdc</load_address>
         <run_address>0x4bdc</run_address>
         <size>0x423</size>
         <alignment>0x1</alignment>
         <input_file_ref idref="fl-23"/>
      </object_component>
      <object_component id="oc-a9">
         <name>.debug_info</name>
         <load_address>0x4fff</load_address>
         <run_address>0x4fff</run_address>
         <size>0x74a</size>
         <alignment>0x1</alignment>
         <input_file_ref idref="fl-25"/>
      </object_component>
      <object_component id="oc-71">
         <name>.debug_info</name>
         <load_address>0x5749</load_address>
         <run_address>0x5749</run_address>
         <size>0x46</size>
         <alignment>0x1</alignment>
         <input_file_ref idref="fl-26"/>
      </object_component>
      <object_component id="oc-4e">
         <name>.debug_info</name>
         <load_address>0x578f</load_address>
         <run_address>0x578f</run_address>
         <size>0x192</size>
         <alignment>0x1</alignment>
         <input_file_ref idref="fl-28"/>
      </object_component>
      <object_component id="oc-21">
         <name>.debug_info</name>
         <load_address>0x5921</load_address>
         <run_address>0x5921</run_address>
         <size>0xc6</size>
         <alignment>0x1</alignment>
         <input_file_ref idref="fl-29"/>
      </object_component>
      <object_component id="oc-1d">
         <name>.debug_info</name>
         <load_address>0x59e7</load_address>
         <run_address>0x59e7</run_address>
         <size>0x180</size>
         <alignment>0x1</alignment>
         <input_file_ref idref="fl-2a"/>
      </object_component>
      <object_component id="oc-a1">
         <name>.debug_info</name>
         <load_address>0x5b67</load_address>
         <run_address>0x5b67</run_address>
         <size>0xed</size>
         <alignment>0x1</alignment>
         <input_file_ref idref="fl-2b"/>
      </object_component>
      <object_component id="oc-99">
         <name>.debug_info</name>
         <load_address>0x5c54</load_address>
         <run_address>0x5c54</run_address>
         <size>0x1a4</size>
         <alignment>0x1</alignment>
         <input_file_ref idref="fl-93"/>
      </object_component>
      <object_component id="oc-9d">
         <name>.debug_info</name>
         <load_address>0x5df8</load_address>
         <run_address>0x5df8</run_address>
         <size>0x224</size>
         <alignment>0x1</alignment>
         <input_file_ref idref="fl-94"/>
      </object_component>
      <object_component id="oc-46">
         <name>.debug_info</name>
         <load_address>0x601c</load_address>
         <run_address>0x601c</run_address>
         <size>0x1a6</size>
         <alignment>0x1</alignment>
         <input_file_ref idref="fl-95"/>
      </object_component>
      <object_component id="oc-ce">
         <name>.debug_info</name>
         <load_address>0x61c2</load_address>
         <run_address>0x61c2</run_address>
         <size>0x1ce</size>
         <alignment>0x1</alignment>
         <input_file_ref idref="fl-97"/>
      </object_component>
      <object_component id="oc-80">
         <name>.debug_info</name>
         <load_address>0x6390</load_address>
         <run_address>0x6390</run_address>
         <size>0x2fe</size>
         <alignment>0x1</alignment>
         <input_file_ref idref="fl-98"/>
      </object_component>
      <object_component id="oc-13d">
         <name>.debug_info</name>
         <load_address>0x668e</load_address>
         <run_address>0x668e</run_address>
         <size>0xcb</size>
         <alignment>0x0</alignment>
      </object_component>
      <object_component id="oc-95">
         <name>.debug_ranges</name>
         <load_address>0x0</load_address>
         <run_address>0x0</run_address>
         <size>0x30</size>
         <alignment>0x1</alignment>
         <input_file_ref idref="fl-2"/>
      </object_component>
      <object_component id="oc-30">
         <name>.debug_ranges</name>
         <load_address>0x30</load_address>
         <run_address>0x30</run_address>
         <size>0x18</size>
         <alignment>0x1</alignment>
         <input_file_ref idref="fl-3"/>
      </object_component>
      <object_component id="oc-36">
         <name>.debug_ranges</name>
         <load_address>0x48</load_address>
         <run_address>0x48</run_address>
         <size>0x20</size>
         <alignment>0x1</alignment>
         <input_file_ref idref="fl-4"/>
      </object_component>
      <object_component id="oc-8c">
         <name>.debug_ranges</name>
         <load_address>0x68</load_address>
         <run_address>0x68</run_address>
         <size>0x40</size>
         <alignment>0x1</alignment>
         <input_file_ref idref="fl-5"/>
      </object_component>
      <object_component id="oc-e5">
         <name>.debug_ranges</name>
         <load_address>0xa8</load_address>
         <run_address>0xa8</run_address>
         <size>0x18</size>
         <alignment>0x1</alignment>
         <input_file_ref idref="fl-13"/>
      </object_component>
      <object_component id="oc-3f">
         <name>.debug_ranges</name>
         <load_address>0xc0</load_address>
         <run_address>0xc0</run_address>
         <size>0x48</size>
         <alignment>0x1</alignment>
         <input_file_ref idref="fl-23"/>
      </object_component>
      <object_component id="oc-aa">
         <name>.debug_ranges</name>
         <load_address>0x108</load_address>
         <run_address>0x108</run_address>
         <size>0xa8</size>
         <alignment>0x1</alignment>
         <input_file_ref idref="fl-25"/>
      </object_component>
      <object_component id="oc-4f">
         <name>.debug_ranges</name>
         <load_address>0x1b0</load_address>
         <run_address>0x1b0</run_address>
         <size>0x18</size>
         <alignment>0x1</alignment>
         <input_file_ref idref="fl-28"/>
      </object_component>
      <object_component id="oc-44">
         <name>.debug_ranges</name>
         <load_address>0x1c8</load_address>
         <run_address>0x1c8</run_address>
         <size>0x30</size>
         <alignment>0x1</alignment>
         <input_file_ref idref="fl-2a"/>
      </object_component>
      <object_component id="oc-a2">
         <name>.debug_ranges</name>
         <load_address>0x1f8</load_address>
         <run_address>0x1f8</run_address>
         <size>0x18</size>
         <alignment>0x1</alignment>
         <input_file_ref idref="fl-2b"/>
      </object_component>
      <object_component id="oc-cc">
         <name>.debug_ranges</name>
         <load_address>0x210</load_address>
         <run_address>0x210</run_address>
         <size>0x38</size>
         <alignment>0x1</alignment>
         <input_file_ref idref="fl-97"/>
      </object_component>
      <object_component id="oc-82">
         <name>.debug_ranges</name>
         <load_address>0x248</load_address>
         <run_address>0x248</run_address>
         <size>0x28</size>
         <alignment>0x1</alignment>
         <input_file_ref idref="fl-98"/>
      </object_component>
      <object_component id="oc-c8">
         <name>.debug_str</name>
         <load_address>0x0</load_address>
         <run_address>0x0</run_address>
         <size>0x124c</size>
         <alignment>0x1</alignment>
         <input_file_ref idref="fl-2"/>
      </object_component>
      <object_component id="oc-3b">
         <name>.debug_str</name>
         <load_address>0x124c</load_address>
         <run_address>0x124c</run_address>
         <size>0x18b</size>
         <alignment>0x1</alignment>
         <input_file_ref idref="fl-3"/>
      </object_component>
      <object_component id="oc-64">
         <name>.debug_str</name>
         <load_address>0x13d7</load_address>
         <run_address>0x13d7</run_address>
         <size>0xc79</size>
         <alignment>0x1</alignment>
         <input_file_ref idref="fl-4"/>
      </object_component>
      <object_component id="oc-c1">
         <name>.debug_str</name>
         <load_address>0x2050</load_address>
         <run_address>0x2050</run_address>
         <size>0xcaf</size>
         <alignment>0x1</alignment>
         <input_file_ref idref="fl-5"/>
      </object_component>
      <object_component id="oc-f7">
         <name>.debug_str</name>
         <load_address>0x2cff</load_address>
         <run_address>0x2cff</run_address>
         <size>0x631</size>
         <alignment>0x1</alignment>
         <input_file_ref idref="fl-13"/>
      </object_component>
      <object_component id="oc-f4">
         <name>.debug_str</name>
         <load_address>0x3330</load_address>
         <run_address>0x3330</run_address>
         <size>0x16d</size>
         <alignment>0x1</alignment>
         <input_file_ref idref="fl-14"/>
      </object_component>
      <object_component id="oc-3d">
         <name>.debug_str</name>
         <load_address>0x349d</load_address>
         <run_address>0x349d</run_address>
         <size>0x229</size>
         <alignment>0x1</alignment>
         <input_file_ref idref="fl-23"/>
      </object_component>
      <object_component id="oc-d8">
         <name>.debug_str</name>
         <load_address>0x36c6</load_address>
         <run_address>0x36c6</run_address>
         <size>0x333</size>
         <alignment>0x1</alignment>
         <input_file_ref idref="fl-25"/>
      </object_component>
      <object_component id="oc-88">
         <name>.debug_str</name>
         <load_address>0x39f9</load_address>
         <run_address>0x39f9</run_address>
         <size>0xf9</size>
         <alignment>0x1</alignment>
         <input_file_ref idref="fl-26"/>
      </object_component>
      <object_component id="oc-6a">
         <name>.debug_str</name>
         <load_address>0x3af2</load_address>
         <run_address>0x3af2</run_address>
         <size>0x19f</size>
         <alignment>0x1</alignment>
         <input_file_ref idref="fl-28"/>
      </object_component>
      <object_component id="oc-4a">
         <name>.debug_str</name>
         <load_address>0x3c91</load_address>
         <run_address>0x3c91</run_address>
         <size>0x16c</size>
         <alignment>0x1</alignment>
         <input_file_ref idref="fl-29"/>
      </object_component>
      <object_component id="oc-42">
         <name>.debug_str</name>
         <load_address>0x3dfd</load_address>
         <run_address>0x3dfd</run_address>
         <size>0x1d9</size>
         <alignment>0x1</alignment>
         <input_file_ref idref="fl-2a"/>
      </object_component>
      <object_component id="oc-d2">
         <name>.debug_str</name>
         <load_address>0x3fd6</load_address>
         <run_address>0x3fd6</run_address>
         <size>0x143</size>
         <alignment>0x1</alignment>
         <input_file_ref idref="fl-2b"/>
      </object_component>
      <object_component id="oc-96">
         <name>.debug_frame</name>
         <load_address>0x0</load_address>
         <run_address>0x0</run_address>
         <size>0x78</size>
         <alignment>0x4</alignment>
         <input_file_ref idref="fl-2"/>
      </object_component>
      <object_component id="oc-31">
         <name>.debug_frame</name>
         <load_address>0x78</load_address>
         <run_address>0x78</run_address>
         <size>0x30</size>
         <alignment>0x4</alignment>
         <input_file_ref idref="fl-3"/>
      </object_component>
      <object_component id="oc-37">
         <name>.debug_frame</name>
         <load_address>0xa8</load_address>
         <run_address>0xa8</run_address>
         <size>0x44</size>
         <alignment>0x4</alignment>
         <input_file_ref idref="fl-4"/>
      </object_component>
      <object_component id="oc-8d">
         <name>.debug_frame</name>
         <load_address>0xec</load_address>
         <run_address>0xec</run_address>
         <size>0x88</size>
         <alignment>0x4</alignment>
         <input_file_ref idref="fl-5"/>
      </object_component>
      <object_component id="oc-e6">
         <name>.debug_frame</name>
         <load_address>0x174</load_address>
         <run_address>0x174</run_address>
         <size>0x4c</size>
         <alignment>0x4</alignment>
         <input_file_ref idref="fl-13"/>
      </object_component>
      <object_component id="oc-e0">
         <name>.debug_frame</name>
         <load_address>0x1c0</load_address>
         <run_address>0x1c0</run_address>
         <size>0x20</size>
         <alignment>0x4</alignment>
         <input_file_ref idref="fl-14"/>
      </object_component>
      <object_component id="oc-54">
         <name>.debug_frame</name>
         <load_address>0x1e0</load_address>
         <run_address>0x1e0</run_address>
         <size>0x90</size>
         <alignment>0x4</alignment>
         <input_file_ref idref="fl-23"/>
      </object_component>
      <object_component id="oc-ab">
         <name>.debug_frame</name>
         <load_address>0x270</load_address>
         <run_address>0x270</run_address>
         <size>0x100</size>
         <alignment>0x4</alignment>
         <input_file_ref idref="fl-25"/>
      </object_component>
      <object_component id="oc-72">
         <name>.debug_frame</name>
         <load_address>0x370</load_address>
         <run_address>0x370</run_address>
         <size>0x20</size>
         <alignment>0x4</alignment>
         <input_file_ref idref="fl-26"/>
      </object_component>
      <object_component id="oc-50">
         <name>.debug_frame</name>
         <load_address>0x390</load_address>
         <run_address>0x390</run_address>
         <size>0x38</size>
         <alignment>0x4</alignment>
         <input_file_ref idref="fl-28"/>
      </object_component>
      <object_component id="oc-22">
         <name>.debug_frame</name>
         <load_address>0x3c8</load_address>
         <run_address>0x3c8</run_address>
         <size>0x28</size>
         <alignment>0x4</alignment>
         <input_file_ref idref="fl-29"/>
      </object_component>
      <object_component id="oc-1e">
         <name>.debug_frame</name>
         <load_address>0x3f0</load_address>
         <run_address>0x3f0</run_address>
         <size>0x30</size>
         <alignment>0x4</alignment>
         <input_file_ref idref="fl-2a"/>
      </object_component>
      <object_component id="oc-a3">
         <name>.debug_frame</name>
         <load_address>0x420</load_address>
         <run_address>0x420</run_address>
         <size>0x30</size>
         <alignment>0x4</alignment>
         <input_file_ref idref="fl-2b"/>
      </object_component>
      <object_component id="oc-97">
         <name>.debug_line</name>
         <load_address>0x0</load_address>
         <run_address>0x0</run_address>
         <size>0x4b7</size>
         <alignment>0x1</alignment>
         <input_file_ref idref="fl-2"/>
      </object_component>
      <object_component id="oc-32">
         <name>.debug_line</name>
         <load_address>0x4b7</load_address>
         <run_address>0x4b7</run_address>
         <size>0xc5</size>
         <alignment>0x1</alignment>
         <input_file_ref idref="fl-3"/>
      </object_component>
      <object_component id="oc-38">
         <name>.debug_line</name>
         <load_address>0x57c</load_address>
         <run_address>0x57c</run_address>
         <size>0x491</size>
         <alignment>0x1</alignment>
         <input_file_ref idref="fl-4"/>
      </object_component>
      <object_component id="oc-8e">
         <name>.debug_line</name>
         <load_address>0xa0d</load_address>
         <run_address>0xa0d</run_address>
         <size>0x4f4</size>
         <alignment>0x1</alignment>
         <input_file_ref idref="fl-5"/>
      </object_component>
      <object_component id="oc-e7">
         <name>.debug_line</name>
         <load_address>0xf01</load_address>
         <run_address>0xf01</run_address>
         <size>0x27f</size>
         <alignment>0x1</alignment>
         <input_file_ref idref="fl-13"/>
      </object_component>
      <object_component id="oc-e1">
         <name>.debug_line</name>
         <load_address>0x1180</load_address>
         <run_address>0x1180</run_address>
         <size>0x178</size>
         <alignment>0x1</alignment>
         <input_file_ref idref="fl-14"/>
      </object_component>
      <object_component id="oc-3e">
         <name>.debug_line</name>
         <load_address>0x12f8</load_address>
         <run_address>0x12f8</run_address>
         <size>0x1fe</size>
         <alignment>0x1</alignment>
         <input_file_ref idref="fl-23"/>
      </object_component>
      <object_component id="oc-ac">
         <name>.debug_line</name>
         <load_address>0x14f6</load_address>
         <run_address>0x14f6</run_address>
         <size>0x3e4</size>
         <alignment>0x1</alignment>
         <input_file_ref idref="fl-25"/>
      </object_component>
      <object_component id="oc-73">
         <name>.debug_line</name>
         <load_address>0x18da</load_address>
         <run_address>0x18da</run_address>
         <size>0x3e</size>
         <alignment>0x1</alignment>
         <input_file_ref idref="fl-26"/>
      </object_component>
      <object_component id="oc-51">
         <name>.debug_line</name>
         <load_address>0x1918</load_address>
         <run_address>0x1918</run_address>
         <size>0xfc</size>
         <alignment>0x1</alignment>
         <input_file_ref idref="fl-28"/>
      </object_component>
      <object_component id="oc-23">
         <name>.debug_line</name>
         <load_address>0x1a14</load_address>
         <run_address>0x1a14</run_address>
         <size>0x62</size>
         <alignment>0x1</alignment>
         <input_file_ref idref="fl-29"/>
      </object_component>
      <object_component id="oc-1f">
         <name>.debug_line</name>
         <load_address>0x1a76</load_address>
         <run_address>0x1a76</run_address>
         <size>0x10d</size>
         <alignment>0x1</alignment>
         <input_file_ref idref="fl-2a"/>
      </object_component>
      <object_component id="oc-a4">
         <name>.debug_line</name>
         <load_address>0x1b83</load_address>
         <run_address>0x1b83</run_address>
         <size>0x6b</size>
         <alignment>0x1</alignment>
         <input_file_ref idref="fl-2b"/>
      </object_component>
      <object_component id="oc-9b">
         <name>.debug_line</name>
         <load_address>0x1bee</load_address>
         <run_address>0x1bee</run_address>
         <size>0xb8</size>
         <alignment>0x1</alignment>
         <input_file_ref idref="fl-93"/>
      </object_component>
      <object_component id="oc-9f">
         <name>.debug_line</name>
         <load_address>0x1ca6</load_address>
         <run_address>0x1ca6</run_address>
         <size>0xcb</size>
         <alignment>0x1</alignment>
         <input_file_ref idref="fl-94"/>
      </object_component>
      <object_component id="oc-48">
         <name>.debug_line</name>
         <load_address>0x1d71</load_address>
         <run_address>0x1d71</run_address>
         <size>0xa8</size>
         <alignment>0x1</alignment>
         <input_file_ref idref="fl-95"/>
      </object_component>
      <object_component id="oc-cb">
         <name>.debug_line</name>
         <load_address>0x1e19</load_address>
         <run_address>0x1e19</run_address>
         <size>0x108</size>
         <alignment>0x1</alignment>
         <input_file_ref idref="fl-97"/>
      </object_component>
      <object_component id="oc-83">
         <name>.debug_line</name>
         <load_address>0x1f21</load_address>
         <run_address>0x1f21</run_address>
         <size>0xa0</size>
         <alignment>0x1</alignment>
         <input_file_ref idref="fl-98"/>
      </object_component>
      <object_component id="oc-9a">
         <name>.debug_aranges</name>
         <load_address>0x0</load_address>
         <run_address>0x0</run_address>
         <size>0x20</size>
         <alignment>0x1</alignment>
         <input_file_ref idref="fl-93"/>
      </object_component>
      <object_component id="oc-9e">
         <name>.debug_aranges</name>
         <load_address>0x20</load_address>
         <run_address>0x20</run_address>
         <size>0x20</size>
         <alignment>0x1</alignment>
         <input_file_ref idref="fl-94"/>
      </object_component>
      <object_component id="oc-47">
         <name>.debug_aranges</name>
         <load_address>0x40</load_address>
         <run_address>0x40</run_address>
         <size>0x20</size>
         <alignment>0x1</alignment>
         <input_file_ref idref="fl-95"/>
      </object_component>
      <object_component id="oc-cd">
         <name>.debug_aranges</name>
         <load_address>0x60</load_address>
         <run_address>0x60</run_address>
         <size>0x30</size>
         <alignment>0x1</alignment>
         <input_file_ref idref="fl-97"/>
      </object_component>
      <object_component id="oc-81">
         <name>.debug_aranges</name>
         <load_address>0x90</load_address>
         <run_address>0x90</run_address>
         <size>0x28</size>
         <alignment>0x1</alignment>
         <input_file_ref idref="fl-98"/>
      </object_component>
   </object_component_list>
   <logical_group_list>
      <logical_group id="lg-2" display="no" color="cyan">
         <name>.intvecs</name>
         <load_address>0x0</load_address>
         <run_address>0x0</run_address>
         <size>0xc0</size>
         <contents>
            <object_component_ref idref="oc-18"/>
         </contents>
      </logical_group>
      <logical_group id="lg-3" display="no" color="cyan">
         <name>.text</name>
         <load_address>0xc0</load_address>
         <run_address>0xc0</run_address>
         <size>0x878</size>
         <contents>
            <object_component_ref idref="oc-74"/>
            <object_component_ref idref="oc-84"/>
            <object_component_ref idref="oc-33"/>
            <object_component_ref idref="oc-c6"/>
            <object_component_ref idref="oc-1c"/>
            <object_component_ref idref="oc-92"/>
            <object_component_ref idref="oc-91"/>
            <object_component_ref idref="oc-9c"/>
            <object_component_ref idref="oc-c3"/>
            <object_component_ref idref="oc-34"/>
            <object_component_ref idref="oc-90"/>
            <object_component_ref idref="oc-8f"/>
            <object_component_ref idref="oc-e2"/>
            <object_component_ref idref="oc-c4"/>
            <object_component_ref idref="oc-cf"/>
            <object_component_ref idref="oc-a7"/>
            <object_component_ref idref="oc-ca"/>
            <object_component_ref idref="oc-c2"/>
            <object_component_ref idref="oc-89"/>
            <object_component_ref idref="oc-98"/>
            <object_component_ref idref="oc-55"/>
            <object_component_ref idref="oc-39"/>
            <object_component_ref idref="oc-4c"/>
            <object_component_ref idref="oc-93"/>
            <object_component_ref idref="oc-20"/>
            <object_component_ref idref="oc-de"/>
            <object_component_ref idref="oc-45"/>
            <object_component_ref idref="oc-2f"/>
            <object_component_ref idref="oc-70"/>
            <object_component_ref idref="oc-a0"/>
         </contents>
      </logical_group>
      <logical_group id="lg-4" display="no" color="cyan">
         <name>.const</name>
         <run_address>0x0</run_address>
         <size>0x0</size>
         <contents>
         </contents>
      </logical_group>
      <logical_group id="lg-5" display="no" color="cyan">
         <name>.cinit</name>
         <load_address>0x940</load_address>
         <run_address>0x940</run_address>
         <size>0x30</size>
         <contents>
            <object_component_ref idref="oc-137"/>
            <object_component_ref idref="oc-13a"/>
            <object_component_ref idref="oc-139"/>
            <object_component_ref idref="oc-138"/>
         </contents>
      </logical_group>
      <logical_group id="lg-6" display="no" color="cyan">
         <name>.pinit</name>
         <run_address>0x0</run_address>
         <size>0x0</size>
         <contents>
         </contents>
      </logical_group>
      <logical_group id="lg-7" display="no" color="cyan">
         <name>.rodata</name>
         <load_address>0x938</load_address>
         <run_address>0x938</run_address>
         <size>0x8</size>
         <contents>
            <object_component_ref idref="oc-e8"/>
         </contents>
      </logical_group>
      <logical_group id="lg-8" display="no" color="cyan">
         <name>.ARM.exidx</name>
         <run_address>0x0</run_address>
         <size>0x0</size>
         <contents>
         </contents>
      </logical_group>
      <logical_group id="lg-9" display="no" color="cyan">
         <name>.init_array</name>
         <run_address>0x0</run_address>
         <size>0x0</size>
         <contents>
         </contents>
      </logical_group>
      <logical_group id="lg-a" display="no" color="cyan">
         <name>.binit</name>
         <load_address>0x0</load_address>
         <run_address>0x0</run_address>
         <size>0x0</size>
         <contents>
            <object_component_ref idref="oc-101"/>
         </contents>
      </logical_group>
      <logical_group id="lg-b" display="no" color="cyan">
         <name>.TI.ramfunc</name>
         <run_address>0x0</run_address>
         <size>0x0</size>
         <contents>
         </contents>
      </logical_group>
      <logical_group id="lg-c" display="no" color="cyan">
         <name>.vtable</name>
         <run_address>0x0</run_address>
         <size>0x0</size>
         <contents>
         </contents>
      </logical_group>
      <logical_group id="lg-d" display="no" color="cyan">
         <name>.args</name>
         <run_address>0x0</run_address>
         <size>0x0</size>
         <contents>
         </contents>
      </logical_group>
      <logical_group id="lg-e" display="no" color="cyan">
         <name>.data</name>
         <run_address>0x2020000c</run_address>
         <size>0x5</size>
         <contents>
            <object_component_ref idref="oc-66"/>
            <object_component_ref idref="oc-5c"/>
         </contents>
      </logical_group>
      <logical_group id="lg-f" display="no" color="cyan">
         <name>.bss</name>
         <run_address>0x20200000</run_address>
         <size>0xc</size>
         <contents>
            <object_component_ref idref="oc-60"/>
            <object_component_ref idref="oc-61"/>
            <object_component_ref idref="oc-62"/>
            <object_component_ref idref="oc-5d"/>
            <object_component_ref idref="oc-5e"/>
            <object_component_ref idref="oc-5f"/>
         </contents>
      </logical_group>
      <logical_group id="lg-10" display="no" color="cyan">
         <name>.sysmem</name>
         <run_address>0x0</run_address>
         <size>0x0</size>
         <contents>
         </contents>
      </logical_group>
      <logical_group id="lg-11" display="no" color="cyan">
         <name>.stack</name>
         <run_address>0x20207e00</run_address>
         <size>0x200</size>
         <contents>
            <object_component_ref idref="oc-1a"/>
            <object_component_ref idref="oc-13c"/>
         </contents>
      </logical_group>
      <logical_group id="lg-12" display="no" color="cyan">
         <name>.BCRConfig</name>
         <run_address>0x0</run_address>
         <size>0x0</size>
         <contents>
         </contents>
      </logical_group>
      <logical_group id="lg-13" display="no" color="cyan">
         <name>.BSLConfig</name>
         <run_address>0x0</run_address>
         <size>0x0</size>
         <contents>
         </contents>
      </logical_group>
      <logical_group id="lg-f8" display="no" color="cyan">
         <name>.TI.noinit</name>
         <run_address>0x0</run_address>
         <size>0x0</size>
         <contents>
         </contents>
      </logical_group>
      <logical_group id="lg-f9" display="no" color="cyan">
         <name>.TI.persistent</name>
         <run_address>0x0</run_address>
         <size>0x0</size>
         <contents>
         </contents>
      </logical_group>
      <logical_group id="lg-fa" display="no" color="cyan">
         <name>.TI.local</name>
         <run_address>0x0</run_address>
         <size>0x0</size>
         <contents>
         </contents>
      </logical_group>
      <logical_group id="lg-fb" display="no" color="cyan">
         <name>.TI.onchip</name>
         <run_address>0x0</run_address>
         <size>0x0</size>
         <contents>
         </contents>
      </logical_group>
      <logical_group id="lg-fc" display="no" color="cyan">
         <name>.TI.offchip</name>
         <run_address>0x0</run_address>
         <size>0x0</size>
         <contents>
         </contents>
      </logical_group>
      <logical_group id="lg-fd" display="no" color="cyan">
         <name>__llvm_prf_cnts</name>
         <run_address>0x20200000</run_address>
         <size>0x0</size>
         <contents>
         </contents>
      </logical_group>
      <logical_group id="lg-ff" display="no" color="cyan">
         <name>__llvm_prf_bits</name>
         <run_address>0x20200000</run_address>
         <size>0x0</size>
         <contents>
         </contents>
      </logical_group>
      <logical_group id="lg-11b" display="never" color="cyan">
         <name>.debug_loc</name>
         <load_address>0x0</load_address>
         <run_address>0x0</run_address>
         <size>0xc4d</size>
         <contents>
            <object_component_ref idref="oc-c5"/>
            <object_component_ref idref="oc-65"/>
            <object_component_ref idref="oc-8a"/>
            <object_component_ref idref="oc-e3"/>
            <object_component_ref idref="oc-f5"/>
            <object_component_ref idref="oc-40"/>
            <object_component_ref idref="oc-a8"/>
            <object_component_ref idref="oc-4d"/>
            <object_component_ref idref="oc-4b"/>
            <object_component_ref idref="oc-43"/>
            <object_component_ref idref="oc-a6"/>
         </contents>
      </logical_group>
      <logical_group id="lg-11d" display="never" color="cyan">
         <name>.debug_abbrev</name>
         <load_address>0x0</load_address>
         <run_address>0x0</run_address>
         <size>0xd09</size>
         <contents>
            <object_component_ref idref="oc-c7"/>
            <object_component_ref idref="oc-3a"/>
            <object_component_ref idref="oc-63"/>
            <object_component_ref idref="oc-c0"/>
            <object_component_ref idref="oc-f6"/>
            <object_component_ref idref="oc-f3"/>
            <object_component_ref idref="oc-3c"/>
            <object_component_ref idref="oc-d7"/>
            <object_component_ref idref="oc-87"/>
            <object_component_ref idref="oc-69"/>
            <object_component_ref idref="oc-49"/>
            <object_component_ref idref="oc-41"/>
            <object_component_ref idref="oc-d1"/>
            <object_component_ref idref="oc-c9"/>
            <object_component_ref idref="oc-d0"/>
            <object_component_ref idref="oc-68"/>
            <object_component_ref idref="oc-e9"/>
            <object_component_ref idref="oc-b9"/>
            <object_component_ref idref="oc-13e"/>
         </contents>
      </logical_group>
      <logical_group id="lg-11f" display="never" color="cyan">
         <name>.debug_info</name>
         <load_address>0x0</load_address>
         <run_address>0x0</run_address>
         <size>0x6759</size>
         <contents>
            <object_component_ref idref="oc-94"/>
            <object_component_ref idref="oc-19"/>
            <object_component_ref idref="oc-35"/>
            <object_component_ref idref="oc-8b"/>
            <object_component_ref idref="oc-e4"/>
            <object_component_ref idref="oc-df"/>
            <object_component_ref idref="oc-1b"/>
            <object_component_ref idref="oc-a9"/>
            <object_component_ref idref="oc-71"/>
            <object_component_ref idref="oc-4e"/>
            <object_component_ref idref="oc-21"/>
            <object_component_ref idref="oc-1d"/>
            <object_component_ref idref="oc-a1"/>
            <object_component_ref idref="oc-99"/>
            <object_component_ref idref="oc-9d"/>
            <object_component_ref idref="oc-46"/>
            <object_component_ref idref="oc-ce"/>
            <object_component_ref idref="oc-80"/>
            <object_component_ref idref="oc-13d"/>
         </contents>
      </logical_group>
      <logical_group id="lg-121" display="never" color="cyan">
         <name>.debug_ranges</name>
         <load_address>0x0</load_address>
         <run_address>0x0</run_address>
         <size>0x270</size>
         <contents>
            <object_component_ref idref="oc-95"/>
            <object_component_ref idref="oc-30"/>
            <object_component_ref idref="oc-36"/>
            <object_component_ref idref="oc-8c"/>
            <object_component_ref idref="oc-e5"/>
            <object_component_ref idref="oc-3f"/>
            <object_component_ref idref="oc-aa"/>
            <object_component_ref idref="oc-4f"/>
            <object_component_ref idref="oc-44"/>
            <object_component_ref idref="oc-a2"/>
            <object_component_ref idref="oc-cc"/>
            <object_component_ref idref="oc-82"/>
         </contents>
      </logical_group>
      <logical_group id="lg-123" display="never" color="cyan">
         <name>.debug_str</name>
         <load_address>0x0</load_address>
         <run_address>0x0</run_address>
         <size>0x4119</size>
         <contents>
            <object_component_ref idref="oc-c8"/>
            <object_component_ref idref="oc-3b"/>
            <object_component_ref idref="oc-64"/>
            <object_component_ref idref="oc-c1"/>
            <object_component_ref idref="oc-f7"/>
            <object_component_ref idref="oc-f4"/>
            <object_component_ref idref="oc-3d"/>
            <object_component_ref idref="oc-d8"/>
            <object_component_ref idref="oc-88"/>
            <object_component_ref idref="oc-6a"/>
            <object_component_ref idref="oc-4a"/>
            <object_component_ref idref="oc-42"/>
            <object_component_ref idref="oc-d2"/>
         </contents>
      </logical_group>
      <logical_group id="lg-125" display="never" color="cyan">
         <name>.debug_frame</name>
         <load_address>0x0</load_address>
         <run_address>0x0</run_address>
         <size>0x450</size>
         <contents>
            <object_component_ref idref="oc-96"/>
            <object_component_ref idref="oc-31"/>
            <object_component_ref idref="oc-37"/>
            <object_component_ref idref="oc-8d"/>
            <object_component_ref idref="oc-e6"/>
            <object_component_ref idref="oc-e0"/>
            <object_component_ref idref="oc-54"/>
            <object_component_ref idref="oc-ab"/>
            <object_component_ref idref="oc-72"/>
            <object_component_ref idref="oc-50"/>
            <object_component_ref idref="oc-22"/>
            <object_component_ref idref="oc-1e"/>
            <object_component_ref idref="oc-a3"/>
         </contents>
      </logical_group>
      <logical_group id="lg-127" display="never" color="cyan">
         <name>.debug_line</name>
         <load_address>0x0</load_address>
         <run_address>0x0</run_address>
         <size>0x1fc1</size>
         <contents>
            <object_component_ref idref="oc-97"/>
            <object_component_ref idref="oc-32"/>
            <object_component_ref idref="oc-38"/>
            <object_component_ref idref="oc-8e"/>
            <object_component_ref idref="oc-e7"/>
            <object_component_ref idref="oc-e1"/>
            <object_component_ref idref="oc-3e"/>
            <object_component_ref idref="oc-ac"/>
            <object_component_ref idref="oc-73"/>
            <object_component_ref idref="oc-51"/>
            <object_component_ref idref="oc-23"/>
            <object_component_ref idref="oc-1f"/>
            <object_component_ref idref="oc-a4"/>
            <object_component_ref idref="oc-9b"/>
            <object_component_ref idref="oc-9f"/>
            <object_component_ref idref="oc-48"/>
            <object_component_ref idref="oc-cb"/>
            <object_component_ref idref="oc-83"/>
         </contents>
      </logical_group>
      <logical_group id="lg-131" display="never" color="cyan">
         <name>.debug_aranges</name>
         <load_address>0x0</load_address>
         <run_address>0x0</run_address>
         <size>0xb8</size>
         <contents>
            <object_component_ref idref="oc-9a"/>
            <object_component_ref idref="oc-9e"/>
            <object_component_ref idref="oc-47"/>
            <object_component_ref idref="oc-cd"/>
            <object_component_ref idref="oc-81"/>
         </contents>
      </logical_group>
      <logical_group id="lg-13b" display="no" color="cyan">
         <name>Veneer$$CMSE</name>
         <run_address>0x0</run_address>
         <size>0x0</size>
         <contents>
         </contents>
      </logical_group>
      <load_segment id="lg-143" display="no" color="cyan">
         <name>SEGMENT_0</name>
         <load_address>0x0</load_address>
         <run_address>0x0</run_address>
         <size>0x970</size>
         <flags>0x5</flags>
         <contents>
            <logical_group_ref idref="lg-2"/>
            <logical_group_ref idref="lg-3"/>
            <logical_group_ref idref="lg-7"/>
            <logical_group_ref idref="lg-5"/>
         </contents>
      </load_segment>
      <load_segment id="lg-144" display="no" color="cyan">
         <name>SEGMENT_1</name>
         <run_address>0x20200000</run_address>
         <size>0x11</size>
         <flags>0x6</flags>
         <contents>
            <logical_group_ref idref="lg-f"/>
            <logical_group_ref idref="lg-e"/>
         </contents>
      </load_segment>
      <load_segment id="lg-145" display="no" color="cyan">
         <name>SEGMENT_2</name>
         <run_address>0x20207e00</run_address>
         <size>0x200</size>
         <flags>0x6</flags>
         <contents>
            <logical_group_ref idref="lg-11"/>
         </contents>
      </load_segment>
   </logical_group_list>
   <placement_map>
      <memory_area display="yes" color="green">
         <name>FLASH</name>
         <page_id>0x0</page_id>
         <origin>0x0</origin>
         <length>0x20000</length>
         <used_space>0x970</used_space>
         <unused_space>0x1f690</unused_space>
         <attributes>RX</attributes>
         <usage_details>
            <allocated_space>
               <start_address>0x0</start_address>
               <size>0x0</size>
               <logical_group_ref idref="lg-a"/>
            </allocated_space>
            <allocated_space>
               <start_address>0x0</start_address>
               <size>0xc0</size>
               <logical_group_ref idref="lg-2"/>
            </allocated_space>
            <allocated_space>
               <start_address>0xc0</start_address>
               <size>0x878</size>
               <logical_group_ref idref="lg-3"/>
            </allocated_space>
            <allocated_space>
               <start_address>0x938</start_address>
               <size>0x8</size>
               <logical_group_ref idref="lg-7"/>
            </allocated_space>
            <allocated_space>
               <start_address>0x940</start_address>
               <size>0x30</size>
               <logical_group_ref idref="lg-5"/>
            </allocated_space>
            <available_space>
               <start_address>0x970</start_address>
               <size>0x1f690</size>
            </available_space>
         </usage_details>
      </memory_area>
      <memory_area display="yes" color="green">
         <name>SRAM</name>
         <page_id>0x0</page_id>
         <origin>0x20200000</origin>
         <length>0x8000</length>
         <used_space>0x211</used_space>
         <unused_space>0x7def</unused_space>
         <attributes>RWX</attributes>
         <usage_details>
            <allocated_space>
               <start_address>0x20200000</start_address>
               <size>0x0</size>
               <logical_group_ref idref="lg-fd"/>
            </allocated_space>
            <allocated_space>
               <start_address>0x20200000</start_address>
               <size>0x0</size>
               <logical_group_ref idref="lg-ff"/>
            </allocated_space>
            <allocated_space>
               <start_address>0x20200000</start_address>
               <size>0xc</size>
               <logical_group_ref idref="lg-f"/>
            </allocated_space>
            <allocated_space>
               <start_address>0x2020000c</start_address>
               <size>0x5</size>
               <logical_group_ref idref="lg-e"/>
            </allocated_space>
            <available_space>
               <start_address>0x20200011</start_address>
               <size>0x7def</size>
            </available_space>
            <allocated_space>
               <start_address>0x20207e00</start_address>
               <size>0x200</size>
               <logical_group_ref idref="lg-11"/>
            </allocated_space>
         </usage_details>
      </memory_area>
      <memory_area display="yes" color="green">
         <name>BCR_CONFIG</name>
         <page_id>0x0</page_id>
         <origin>0x41c00000</origin>
         <length>0xff</length>
         <used_space>0x0</used_space>
         <unused_space>0xff</unused_space>
         <attributes>R</attributes>
         <usage_details>
         </usage_details>
      </memory_area>
      <memory_area display="yes" color="green">
         <name>BSL_CONFIG</name>
         <page_id>0x0</page_id>
         <origin>0x41c00100</origin>
         <length>0x80</length>
         <used_space>0x0</used_space>
         <unused_space>0x80</unused_space>
         <attributes>R</attributes>
         <usage_details>
         </usage_details>
      </memory_area>
   </placement_map>
   <cptbl_list>
      <cptbl>
         <name>__TI_cinit_table</name>
         <cprec>
            <name>.bss</name>
            <load_address>0x94c</load_address>
            <load_size>0x8</load_size>
            <run_address>0x20200000</run_address>
            <run_size>0xc</run_size>
            <compression>zero_init</compression>
         </cprec>
         <cprec>
            <name>.data</name>
            <load_address>0x954</load_address>
            <load_size>0x7</load_size>
            <run_address>0x2020000c</run_address>
            <run_size>0x5</run_size>
            <compression>lzss</compression>
         </cprec>
      </cptbl>
   </cptbl_list>
   <handler_table>
      <handler_table_name>__TI_handler_table</handler_table_name>
      <handler>
         <index>0x0</index>
         <name>__TI_decompress_lzss</name>
      </handler>
      <handler>
         <index>0x1</index>
         <name>__TI_decompress_none</name>
      </handler>
      <handler>
         <index>0x2</index>
         <name>__TI_zero_init</name>
      </handler>
   </handler_table>
   <symbol_table>
      <symbol id="sm-1">
         <name>__start___llvm_prf_cnts</name>
         <value>0x20200000</value>
      </symbol>
      <symbol id="sm-2">
         <name>__stop___llvm_prf_cnts</name>
         <value>0x20200000</value>
      </symbol>
      <symbol id="sm-3">
         <name>__start___llvm_prf_bits</name>
         <value>0x20200000</value>
      </symbol>
      <symbol id="sm-4">
         <name>__stop___llvm_prf_bits</name>
         <value>0x20200000</value>
      </symbol>
      <symbol id="sm-5">
         <name>__TI_CINIT_Base</name>
         <value>0x95c</value>
      </symbol>
      <symbol id="sm-6">
         <name>__TI_CINIT_Limit</name>
         <value>0x96c</value>
      </symbol>
      <symbol id="sm-7">
         <name>__TI_CINIT_Warm</name>
         <value>0x96c</value>
      </symbol>
      <symbol id="sm-8">
         <name>__TI_Handler_Table_Base</name>
         <value>0x940</value>
      </symbol>
      <symbol id="sm-9">
         <name>__TI_Handler_Table_Limit</name>
         <value>0x94c</value>
      </symbol>
      <symbol id="sm-a">
         <name>binit</name>
         <value>0xffffffff</value>
      </symbol>
      <symbol id="sm-b">
         <name>__binit__</name>
         <value>0xffffffff</value>
      </symbol>
      <symbol id="sm-c">
         <name>__STACK_SIZE</name>
         <value>0x200</value>
      </symbol>
      <symbol id="sm-d">
         <name>__STACK_END</name>
         <value>0x20208000</value>
      </symbol>
      <symbol id="sm-e">
         <name>__TI_pprof_out_hndl</name>
         <value>0xffffffff</value>
      </symbol>
      <symbol id="sm-f">
         <name>__TI_prof_data_start</name>
         <value>0xffffffff</value>
      </symbol>
      <symbol id="sm-10">
         <name>__TI_prof_data_size</name>
         <value>0xffffffff</value>
      </symbol>
      <symbol id="sm-4a">
         <name>SYSCFG_DL_init</name>
         <value>0x8f3</value>
         <object_component_ref idref="oc-93"/>
      </symbol>
      <symbol id="sm-4b">
         <name>SYSCFG_DL_initPower</name>
         <value>0x811</value>
         <object_component_ref idref="oc-c2"/>
      </symbol>
      <symbol id="sm-4c">
         <name>SYSCFG_DL_GPIO_init</name>
         <value>0x5d7</value>
         <object_component_ref idref="oc-c3"/>
      </symbol>
      <symbol id="sm-4d">
         <name>SYSCFG_DL_SYSCTL_init</name>
         <value>0x71d</value>
         <object_component_ref idref="oc-c4"/>
      </symbol>
      <symbol id="sm-4e">
         <name>SYSCFG_DL_ADC12_0_init</name>
         <value>0x3a1</value>
         <object_component_ref idref="oc-c6"/>
      </symbol>
      <symbol id="sm-59">
         <name>Default_Handler</name>
         <value>0x39f</value>
         <object_component_ref idref="oc-33"/>
      </symbol>
      <symbol id="sm-5a">
         <name>Reset_Handler</name>
         <value>0x92d</value>
         <object_component_ref idref="oc-2f"/>
      </symbol>
      <symbol id="sm-5b">
         <name>interruptVectors</name>
         <value>0x0</value>
         <object_component_ref idref="oc-18"/>
      </symbol>
      <symbol id="sm-5c">
         <name>NMI_Handler</name>
         <value>0x39f</value>
         <object_component_ref idref="oc-33"/>
      </symbol>
      <symbol id="sm-5d">
         <name>HardFault_Handler</name>
         <value>0x39f</value>
         <object_component_ref idref="oc-33"/>
      </symbol>
      <symbol id="sm-5e">
         <name>SVC_Handler</name>
         <value>0x39f</value>
         <object_component_ref idref="oc-33"/>
      </symbol>
      <symbol id="sm-5f">
         <name>PendSV_Handler</name>
         <value>0x39f</value>
         <object_component_ref idref="oc-33"/>
      </symbol>
      <symbol id="sm-60">
         <name>SysTick_Handler</name>
         <value>0x39f</value>
         <object_component_ref idref="oc-33"/>
      </symbol>
      <symbol id="sm-61">
         <name>GROUP0_IRQHandler</name>
         <value>0x39f</value>
         <object_component_ref idref="oc-33"/>
      </symbol>
      <symbol id="sm-62">
         <name>GROUP1_IRQHandler</name>
         <value>0x39f</value>
         <object_component_ref idref="oc-33"/>
      </symbol>
      <symbol id="sm-63">
         <name>TIMG8_IRQHandler</name>
         <value>0x39f</value>
         <object_component_ref idref="oc-33"/>
      </symbol>
      <symbol id="sm-64">
         <name>UART3_IRQHandler</name>
         <value>0x39f</value>
         <object_component_ref idref="oc-33"/>
      </symbol>
      <symbol id="sm-65">
         <name>ADC1_IRQHandler</name>
         <value>0x39f</value>
         <object_component_ref idref="oc-33"/>
      </symbol>
      <symbol id="sm-66">
         <name>CANFD0_IRQHandler</name>
         <value>0x39f</value>
         <object_component_ref idref="oc-33"/>
      </symbol>
      <symbol id="sm-67">
         <name>DAC0_IRQHandler</name>
         <value>0x39f</value>
         <object_component_ref idref="oc-33"/>
      </symbol>
      <symbol id="sm-68">
         <name>SPI0_IRQHandler</name>
         <value>0x39f</value>
         <object_component_ref idref="oc-33"/>
      </symbol>
      <symbol id="sm-69">
         <name>SPI1_IRQHandler</name>
         <value>0x39f</value>
         <object_component_ref idref="oc-33"/>
      </symbol>
      <symbol id="sm-6a">
         <name>UART1_IRQHandler</name>
         <value>0x39f</value>
         <object_component_ref idref="oc-33"/>
      </symbol>
      <symbol id="sm-6b">
         <name>UART2_IRQHandler</name>
         <value>0x39f</value>
         <object_component_ref idref="oc-33"/>
      </symbol>
      <symbol id="sm-6c">
         <name>UART0_IRQHandler</name>
         <value>0x39f</value>
         <object_component_ref idref="oc-33"/>
      </symbol>
      <symbol id="sm-6d">
         <name>TIMG6_IRQHandler</name>
         <value>0x39f</value>
         <object_component_ref idref="oc-33"/>
      </symbol>
      <symbol id="sm-6e">
         <name>TIMA0_IRQHandler</name>
         <value>0x39f</value>
         <object_component_ref idref="oc-33"/>
      </symbol>
      <symbol id="sm-6f">
         <name>TIMA1_IRQHandler</name>
         <value>0x39f</value>
         <object_component_ref idref="oc-33"/>
      </symbol>
      <symbol id="sm-70">
         <name>TIMG7_IRQHandler</name>
         <value>0x39f</value>
         <object_component_ref idref="oc-33"/>
      </symbol>
      <symbol id="sm-71">
         <name>TIMG12_IRQHandler</name>
         <value>0x39f</value>
         <object_component_ref idref="oc-33"/>
      </symbol>
      <symbol id="sm-72">
         <name>I2C0_IRQHandler</name>
         <value>0x39f</value>
         <object_component_ref idref="oc-33"/>
      </symbol>
      <symbol id="sm-73">
         <name>I2C1_IRQHandler</name>
         <value>0x39f</value>
         <object_component_ref idref="oc-33"/>
      </symbol>
      <symbol id="sm-74">
         <name>AES_IRQHandler</name>
         <value>0x39f</value>
         <object_component_ref idref="oc-33"/>
      </symbol>
      <symbol id="sm-75">
         <name>RTC_IRQHandler</name>
         <value>0x39f</value>
         <object_component_ref idref="oc-33"/>
      </symbol>
      <symbol id="sm-76">
         <name>DMA_IRQHandler</name>
         <value>0x39f</value>
         <object_component_ref idref="oc-33"/>
      </symbol>
      <symbol id="sm-87">
         <name>main</name>
         <value>0xc1</value>
         <object_component_ref idref="oc-74"/>
      </symbol>
      <symbol id="sm-88">
         <name>timerTicked</name>
         <value>0x2020000c</value>
         <object_component_ref idref="oc-66"/>
      </symbol>
      <symbol id="sm-89">
         <name>gCheckADC</name>
         <value>0x20200010</value>
         <object_component_ref idref="oc-5c"/>
      </symbol>
      <symbol id="sm-8a">
         <name>adc3</name>
         <value>0x20200006</value>
      </symbol>
      <symbol id="sm-8b">
         <name>adc4</name>
         <value>0x20200008</value>
      </symbol>
      <symbol id="sm-8c">
         <name>adc5</name>
         <value>0x2020000a</value>
      </symbol>
      <symbol id="sm-8d">
         <name>adc0</name>
         <value>0x20200000</value>
      </symbol>
      <symbol id="sm-8e">
         <name>adc1</name>
         <value>0x20200002</value>
      </symbol>
      <symbol id="sm-8f">
         <name>adc2</name>
         <value>0x20200004</value>
      </symbol>
      <symbol id="sm-90">
         <name>ADC0_IRQHandler</name>
         <value>0x5d9</value>
         <object_component_ref idref="oc-34"/>
      </symbol>
      <symbol id="sm-91">
         <name>TIMG0_IRQHandler</name>
         <value>0x8c5</value>
         <object_component_ref idref="oc-39"/>
      </symbol>
      <symbol id="sm-a8">
         <name>InitializeProcessor</name>
         <value>0x845</value>
         <object_component_ref idref="oc-89"/>
      </symbol>
      <symbol id="sm-a9">
         <name>InitializeGPIO</name>
         <value>0x68d</value>
         <object_component_ref idref="oc-8f"/>
      </symbol>
      <symbol id="sm-aa">
         <name>InitializeTimerG0</name>
         <value>0x635</value>
         <object_component_ref idref="oc-90"/>
      </symbol>
      <symbol id="sm-ab">
         <name>InitializeTimerA1_PWM</name>
         <value>0x505</value>
         <object_component_ref idref="oc-91"/>
      </symbol>
      <symbol id="sm-ac">
         <name>InitializeTimerA0_PWM</name>
         <value>0x495</value>
         <object_component_ref idref="oc-92"/>
      </symbol>
      <symbol id="sm-ad">
         <name>__TI_ATRegion0_src_addr</name>
         <value>0x0</value>
      </symbol>
      <symbol id="sm-ae">
         <name>__TI_ATRegion0_trg_addr</name>
         <value>0x0</value>
      </symbol>
      <symbol id="sm-af">
         <name>__TI_ATRegion0_region_sz</name>
         <value>0x0</value>
      </symbol>
      <symbol id="sm-b0">
         <name>__TI_ATRegion1_src_addr</name>
         <value>0x0</value>
      </symbol>
      <symbol id="sm-b1">
         <name>__TI_ATRegion1_trg_addr</name>
         <value>0x0</value>
      </symbol>
      <symbol id="sm-b2">
         <name>__TI_ATRegion1_region_sz</name>
         <value>0x0</value>
      </symbol>
      <symbol id="sm-b3">
         <name>__TI_ATRegion2_src_addr</name>
         <value>0x0</value>
      </symbol>
      <symbol id="sm-b4">
         <name>__TI_ATRegion2_trg_addr</name>
         <value>0x0</value>
      </symbol>
      <symbol id="sm-b5">
         <name>__TI_ATRegion2_region_sz</name>
         <value>0x0</value>
      </symbol>
      <symbol id="sm-c0">
         <name>DL_ADC12_setClockConfig</name>
         <value>0x6dd</value>
         <object_component_ref idref="oc-e2"/>
      </symbol>
      <symbol id="sm-c9">
         <name>DL_Common_delayCycles</name>
         <value>0x919</value>
         <object_component_ref idref="oc-de"/>
      </symbol>
      <symbol id="sm-d4">
         <name>_c_int00_noargs</name>
         <value>0x89d</value>
         <object_component_ref idref="oc-55"/>
      </symbol>
      <symbol id="sm-d5">
         <name>__stack</name>
         <value>0x20207e00</value>
         <object_component_ref idref="oc-1a"/>
      </symbol>
      <symbol id="sm-e1">
         <name>__TI_auto_init_nobinit_nopinit</name>
         <value>0x799</value>
         <object_component_ref idref="oc-a7"/>
      </symbol>
      <symbol id="sm-e9">
         <name>_system_pre_init</name>
         <value>0x931</value>
         <object_component_ref idref="oc-70"/>
      </symbol>
      <symbol id="sm-f4">
         <name>__TI_zero_init_nomemset</name>
         <value>0x8dd</value>
         <object_component_ref idref="oc-4c"/>
      </symbol>
      <symbol id="sm-fd">
         <name>__TI_decompress_none</name>
         <value>0x907</value>
         <object_component_ref idref="oc-20"/>
      </symbol>
      <symbol id="sm-108">
         <name>__TI_decompress_lzss</name>
         <value>0x41d</value>
         <object_component_ref idref="oc-1c"/>
      </symbol>
      <symbol id="sm-112">
         <name>abort</name>
         <value>0x935</value>
         <object_component_ref idref="oc-a0"/>
      </symbol>
      <symbol id="sm-113">
         <name>C$$EXIT</name>
         <value>0x934</value>
         <object_component_ref idref="oc-a0"/>
      </symbol>
      <symbol id="sm-11b">
         <name>__aeabi_ui2f</name>
         <value>0x875</value>
         <object_component_ref idref="oc-98"/>
      </symbol>
      <symbol id="sm-11c">
         <name>__floatunsisf</name>
         <value>0x875</value>
         <object_component_ref idref="oc-98"/>
      </symbol>
      <symbol id="sm-122">
         <name>__aeabi_fcmpeq</name>
         <value>0x575</value>
         <object_component_ref idref="oc-9c"/>
      </symbol>
      <symbol id="sm-123">
         <name>__aeabi_fcmplt</name>
         <value>0x589</value>
         <object_component_ref idref="oc-9c"/>
      </symbol>
      <symbol id="sm-124">
         <name>__aeabi_fcmple</name>
         <value>0x59d</value>
         <object_component_ref idref="oc-9c"/>
      </symbol>
      <symbol id="sm-125">
         <name>__aeabi_fcmpge</name>
         <value>0x5b1</value>
         <object_component_ref idref="oc-9c"/>
      </symbol>
      <symbol id="sm-126">
         <name>__aeabi_fcmpgt</name>
         <value>0x5c5</value>
         <object_component_ref idref="oc-9c"/>
      </symbol>
      <symbol id="sm-12c">
         <name>__aeabi_memcpy</name>
         <value>0x925</value>
         <object_component_ref idref="oc-45"/>
      </symbol>
      <symbol id="sm-12d">
         <name>__aeabi_memcpy4</name>
         <value>0x925</value>
         <object_component_ref idref="oc-45"/>
      </symbol>
      <symbol id="sm-12e">
         <name>__aeabi_memcpy8</name>
         <value>0x925</value>
         <object_component_ref idref="oc-45"/>
      </symbol>
      <symbol id="sm-137">
         <name>__eqsf2</name>
         <value>0x7d5</value>
         <object_component_ref idref="oc-ca"/>
      </symbol>
      <symbol id="sm-138">
         <name>__lesf2</name>
         <value>0x7d5</value>
         <object_component_ref idref="oc-ca"/>
      </symbol>
      <symbol id="sm-139">
         <name>__ltsf2</name>
         <value>0x7d5</value>
         <object_component_ref idref="oc-ca"/>
      </symbol>
      <symbol id="sm-13a">
         <name>__nesf2</name>
         <value>0x7d5</value>
         <object_component_ref idref="oc-ca"/>
      </symbol>
      <symbol id="sm-13b">
         <name>__cmpsf2</name>
         <value>0x7d5</value>
         <object_component_ref idref="oc-ca"/>
      </symbol>
      <symbol id="sm-13c">
         <name>__gtsf2</name>
         <value>0x75d</value>
         <object_component_ref idref="oc-cf"/>
      </symbol>
      <symbol id="sm-13d">
         <name>__gesf2</name>
         <value>0x75d</value>
         <object_component_ref idref="oc-cf"/>
      </symbol>
      <symbol id="sm-156">
         <name>memcpy</name>
         <value>0x305</value>
         <object_component_ref idref="oc-84"/>
      </symbol>
      <symbol id="sm-157">
         <name>__TI_static_base__</name>
         <value>0x0</value>
      </symbol>
      <symbol id="sm-15a">
         <name>__mpu_init</name>
         <value>0x0</value>
      </symbol>
      <symbol id="sm-15b">
         <name>_system_post_cinit</name>
         <value>0x0</value>
      </symbol>
   </symbol_table>
   <title>Link successful</title>
</link_info>
