******************************************************************************
            TI ARM Clang Linker Unix v3.2.1                    
******************************************************************************
>> Linked Tue May  6 16:01:55 2025

OUTPUT FILE NAME:   <final-project-adc12_sequence_conversion_LP_MSPM0G3507_nortos_ticlang2-final-project.out>
ENTRY POINT SYMBOL: "_c_int00_noargs"  address: 000006a9


MEMORY CONFIGURATION

         name            origin    length      used     unused   attr    fill
----------------------  --------  ---------  --------  --------  ----  --------
  FLASH                 00000000   00020000  00000780  0001f880  R  X
  SRAM                  20200000   00008000  00000211  00007def  RW X
  BCR_CONFIG            41c00000   000000ff  00000000  000000ff  R   
  BSL_CONFIG            41c00100   00000080  00000000  00000080  R   


SEGMENT ALLOCATION MAP

run origin  load origin   length   init length attrs members
----------  ----------- ---------- ----------- ----- -------
00000000    00000000    00000780   00000780    r-x
  00000000    00000000    000000c0   000000c0    r-- .intvecs
  000000c0    000000c0    00000688   00000688    r-x .text
  00000748    00000748    00000008   00000008    r-- .rodata
  00000750    00000750    00000030   00000030    r-- .cinit
20200000    20200000    00000011   00000000    rw-
  20200000    20200000    0000000c   00000000    rw- .bss
  2020000c    2020000c    00000005   00000000    rw- .data
20207e00    20207e00    00000200   00000000    rw-
  20207e00    20207e00    00000200   00000000    rw- .stack


SECTION ALLOCATION MAP

 output                                  attributes/
section   page    origin      length       input sections
--------  ----  ----------  ----------   ----------------
.intvecs   0    00000000    000000c0     
                  00000000    000000c0     startup_mspm0g350x_ticlang.o (.intvecs)

.text      0    000000c0    00000688     
                  000000c0    00000208     final_project_main.o (.text.main)
                  000002c8    0000009a     libc.a : memcpy16.S.obj (.text:memcpy)
                  00000362    00000002     startup_mspm0g350x_ticlang.o (.text.Default_Handler)
                  00000364    0000007c     ti_msp_dl_config.o (.text.SYSCFG_DL_ADC12_0_init)
                  000003e0    00000078     libc.a : copy_decompress_lzss.c.obj (.text:decompress:lzss)
                  00000458    00000062     libclang_rt.builtins.a : aeabi_fcmp.S.obj (.text.__aeabi_fcmp)
                  000004ba    00000002     ti_msp_dl_config.o (.text.SYSCFG_DL_GPIO_init)
                  000004bc    0000005c     final_project_main.o (.text.ADC0_IRQHandler)
                  00000518    00000040     driverlib.a : dl_adc12.o (.text.DL_ADC12_setClockConfig)
                  00000558    00000040     ti_msp_dl_config.o (.text.SYSCFG_DL_SYSCTL_init)
                  00000598    0000003c     libclang_rt.builtins.a : comparesf2.S.obj (.text.__gtsf2)
                  000005d4    0000003c     libc.a : autoinit.c.obj (.text:__TI_auto_init_nobinit_nopinit)
                  00000610    0000003a     libclang_rt.builtins.a : comparesf2.S.obj (.text.__eqsf2)
                  0000064a    00000002     --HOLE-- [fill = 0]
                  0000064c    00000034     ti_msp_dl_config.o (.text.SYSCFG_DL_initPower)
                  00000680    00000028     libclang_rt.builtins.a : floatunsisf.S.obj (.text.__floatunsisf)
                  000006a8    00000028     libc.a : boot_cortex_m.c.obj (.text:_c_int00_noargs)
                  000006d0    00000018     final_project_main.o (.text.TIMG0_IRQHandler)
                  000006e8    00000016     libc.a : copy_zero_init.c.obj (.text:decompress:ZI:__TI_zero_init_nomemset)
                  000006fe    00000014     ti_msp_dl_config.o (.text.SYSCFG_DL_init)
                  00000712    00000012     libc.a : copy_decompress_none.c.obj (.text:decompress:none)
                  00000724    0000000a     driverlib.a : dl_common.o (.text.DL_Common_delayCycles)
                  0000072e    00000002     --HOLE-- [fill = 0]
                  00000730    00000008     libclang_rt.builtins.a : aeabi_memcpy.S.obj (.text.__aeabi_memcpy)
                  00000738    00000004     startup_mspm0g350x_ticlang.o (.text.Reset_Handler)
                  0000073c    00000004     libc.a : pre_init.c.obj (.text._system_pre_init)
                  00000740    00000004            : exit.c.obj (.text:abort)
                  00000744    00000004     --HOLE-- [fill = 0]

.cinit     0    00000750    00000030     
                  00000750    0000000c     (__TI_handler_table)
                  0000075c    00000008     (.cinit..bss.load) [load image, compression = zero_init]
                  00000764    00000007     (.cinit..data.load) [load image, compression = lzss]
                  0000076b    00000001     --HOLE-- [fill = 0]
                  0000076c    00000010     (__TI_cinit_table)
                  0000077c    00000004     --HOLE-- [fill = 0]

.rodata    0    00000748    00000008     
                  00000748    00000008     ti_msp_dl_config.o (.rodata.gADC12_0ClockConfig)

.init_array 
*          0    00000000    00000000     UNINITIALIZED

.binit     0    00000000    00000000     

.bss       0    20200000    0000000c     UNINITIALIZED
                  20200000    00000002     (.common:adc0)
                  20200002    00000002     (.common:adc1)
                  20200004    00000002     (.common:adc2)
                  20200006    00000002     (.common:adc3)
                  20200008    00000002     (.common:adc4)
                  2020000a    00000002     (.common:adc5)

.data      0    2020000c    00000005     UNINITIALIZED
                  2020000c    00000004     final_project_main.o (.data.timerTicked)
                  20200010    00000001     final_project_main.o (.data.gCheckADC)

.stack     0    20207e00    00000200     UNINITIALIZED
                  20207e00    00000004     libc.a : boot_cortex_m.c.obj (.stack)
                  20207e04    000001fc     --HOLE--

__llvm_prf_cnts 
*          0    20200000    00000000     UNINITIALIZED

__llvm_prf_bits 
*          0    20200000    00000000     UNINITIALIZED

MODULE SUMMARY

       Module                         code   ro data   rw data
       ------                         ----   -------   -------
    ./
       final_project_main.o           636    0         17     
       ti_msp_dl_config.o             262    8         0      
       startup_mspm0g350x_ticlang.o   6      192       0      
    +--+------------------------------+------+---------+---------+
       Total:                         904    200       17     
                                                              
    /Applications/ccs/tools/compiler/ti-cgt-armllvm_3.2.1.LTS/lib/armv6m-ti-none-eabi/c/libc.a
       memcpy16.S.obj                 154    0         0      
       copy_decompress_lzss.c.obj     120    0         0      
       autoinit.c.obj                 60     0         0      
       boot_cortex_m.c.obj            40     0         0      
       copy_zero_init.c.obj           22     0         0      
       copy_decompress_none.c.obj     18     0         0      
       exit.c.obj                     4      0         0      
       pre_init.c.obj                 4      0         0      
    +--+------------------------------+------+---------+---------+
       Total:                         422    0         0      
                                                              
    /Applications/ccs/tools/compiler/ti-cgt-armllvm_3.2.1.LTS/lib/clang/15.0.7/lib/armv6m-ti-none-eabi/libclang_rt.builtins.a
       comparesf2.S.obj               118    0         0      
       aeabi_fcmp.S.obj               98     0         0      
       floatunsisf.S.obj              40     0         0      
       aeabi_memcpy.S.obj             8      0         0      
    +--+------------------------------+------+---------+---------+
       Total:                         264    0         0      
                                                              
    /Users/surina/ti/mspm0_sdk_2_04_00_06/source/ti/driverlib/lib/ticlang/m0p/mspm0g1x0x_g3x0x/driverlib.a
       dl_adc12.o                     64     0         0      
       dl_common.o                    10     0         0      
    +--+------------------------------+------+---------+---------+
       Total:                         74     0         0      
                                                              
       Stack:                         0      0         512    
       Linker Generated:              0      43        0      
    +--+------------------------------+------+---------+---------+
       Grand Total:                   1664   243       529    


LINKER GENERATED COPY TABLES

__TI_cinit_table @ 0000076c records: 2, size/record: 8, table size: 16
	.bss: load addr=0000075c, load size=00000008 bytes, run addr=20200000, run size=0000000c bytes, compression=zero_init
	.data: load addr=00000764, load size=00000007 bytes, run addr=2020000c, run size=00000005 bytes, compression=lzss


LINKER GENERATED HANDLER TABLE

__TI_handler_table @ 00000750 records: 3, size/record: 4, table size: 12
	index: 0, handler: __TI_decompress_lzss
	index: 1, handler: __TI_decompress_none
	index: 2, handler: __TI_zero_init


GLOBAL SYMBOLS: SORTED ALPHABETICALLY BY Name 

address   name                          
-------   ----                          
000004bd  ADC0_IRQHandler               
00000363  ADC1_IRQHandler               
00000363  AES_IRQHandler                
00000740  C$$EXIT                       
00000363  CANFD0_IRQHandler             
00000363  DAC0_IRQHandler               
00000519  DL_ADC12_setClockConfig       
00000725  DL_Common_delayCycles         
00000363  DMA_IRQHandler                
00000363  Default_Handler               
00000363  GROUP0_IRQHandler             
00000363  GROUP1_IRQHandler             
00000363  HardFault_Handler             
00000363  I2C0_IRQHandler               
00000363  I2C1_IRQHandler               
00000363  NMI_Handler                   
00000363  PendSV_Handler                
00000363  RTC_IRQHandler                
00000739  Reset_Handler                 
00000363  SPI0_IRQHandler               
00000363  SPI1_IRQHandler               
00000363  SVC_Handler                   
00000365  SYSCFG_DL_ADC12_0_init        
000004bb  SYSCFG_DL_GPIO_init           
00000559  SYSCFG_DL_SYSCTL_init         
000006ff  SYSCFG_DL_init                
0000064d  SYSCFG_DL_initPower           
00000363  SysTick_Handler               
00000363  TIMA0_IRQHandler              
00000363  TIMA1_IRQHandler              
000006d1  TIMG0_IRQHandler              
00000363  TIMG12_IRQHandler             
00000363  TIMG6_IRQHandler              
00000363  TIMG7_IRQHandler              
00000363  TIMG8_IRQHandler              
00000363  UART0_IRQHandler              
00000363  UART1_IRQHandler              
00000363  UART2_IRQHandler              
00000363  UART3_IRQHandler              
20208000  __STACK_END                   
00000200  __STACK_SIZE                  
00000000  __TI_ATRegion0_region_sz      
00000000  __TI_ATRegion0_src_addr       
00000000  __TI_ATRegion0_trg_addr       
00000000  __TI_ATRegion1_region_sz      
00000000  __TI_ATRegion1_src_addr       
00000000  __TI_ATRegion1_trg_addr       
00000000  __TI_ATRegion2_region_sz      
00000000  __TI_ATRegion2_src_addr       
00000000  __TI_ATRegion2_trg_addr       
0000076c  __TI_CINIT_Base               
0000077c  __TI_CINIT_Limit              
0000077c  __TI_CINIT_Warm               
00000750  __TI_Handler_Table_Base       
0000075c  __TI_Handler_Table_Limit      
000005d5  __TI_auto_init_nobinit_nopinit
000003e1  __TI_decompress_lzss          
00000713  __TI_decompress_none          
ffffffff  __TI_pprof_out_hndl           
ffffffff  __TI_prof_data_size           
ffffffff  __TI_prof_data_start          
00000000  __TI_static_base__            
000006e9  __TI_zero_init_nomemset       
00000459  __aeabi_fcmpeq                
00000495  __aeabi_fcmpge                
000004a9  __aeabi_fcmpgt                
00000481  __aeabi_fcmple                
0000046d  __aeabi_fcmplt                
00000731  __aeabi_memcpy                
00000731  __aeabi_memcpy4               
00000731  __aeabi_memcpy8               
00000681  __aeabi_ui2f                  
ffffffff  __binit__                     
00000611  __cmpsf2                      
00000611  __eqsf2                       
00000681  __floatunsisf                 
00000599  __gesf2                       
00000599  __gtsf2                       
00000611  __lesf2                       
00000611  __ltsf2                       
UNDEFED   __mpu_init                    
00000611  __nesf2                       
20207e00  __stack                       
20200000  __start___llvm_prf_bits       
20200000  __start___llvm_prf_cnts       
20200000  __stop___llvm_prf_bits        
20200000  __stop___llvm_prf_cnts        
000006a9  _c_int00_noargs               
UNDEFED   _system_post_cinit            
0000073d  _system_pre_init              
00000741  abort                         
20200000  adc0                          
20200002  adc1                          
20200004  adc2                          
20200006  adc3                          
20200008  adc4                          
2020000a  adc5                          
ffffffff  binit                         
20200010  gCheckADC                     
00000000  interruptVectors              
000000c1  main                          
000002c9  memcpy                        
2020000c  timerTicked                   


GLOBAL SYMBOLS: SORTED BY Symbol Address 

address   name                          
-------   ----                          
00000000  __TI_ATRegion0_region_sz      
00000000  __TI_ATRegion0_src_addr       
00000000  __TI_ATRegion0_trg_addr       
00000000  __TI_ATRegion1_region_sz      
00000000  __TI_ATRegion1_src_addr       
00000000  __TI_ATRegion1_trg_addr       
00000000  __TI_ATRegion2_region_sz      
00000000  __TI_ATRegion2_src_addr       
00000000  __TI_ATRegion2_trg_addr       
00000000  __TI_static_base__            
00000000  interruptVectors              
000000c1  main                          
00000200  __STACK_SIZE                  
000002c9  memcpy                        
00000363  ADC1_IRQHandler               
00000363  AES_IRQHandler                
00000363  CANFD0_IRQHandler             
00000363  DAC0_IRQHandler               
00000363  DMA_IRQHandler                
00000363  Default_Handler               
00000363  GROUP0_IRQHandler             
00000363  GROUP1_IRQHandler             
00000363  HardFault_Handler             
00000363  I2C0_IRQHandler               
00000363  I2C1_IRQHandler               
00000363  NMI_Handler                   
00000363  PendSV_Handler                
00000363  RTC_IRQHandler                
00000363  SPI0_IRQHandler               
00000363  SPI1_IRQHandler               
00000363  SVC_Handler                   
00000363  SysTick_Handler               
00000363  TIMA0_IRQHandler              
00000363  TIMA1_IRQHandler              
00000363  TIMG12_IRQHandler             
00000363  TIMG6_IRQHandler              
00000363  TIMG7_IRQHandler              
00000363  TIMG8_IRQHandler              
00000363  UART0_IRQHandler              
00000363  UART1_IRQHandler              
00000363  UART2_IRQHandler              
00000363  UART3_IRQHandler              
00000365  SYSCFG_DL_ADC12_0_init        
000003e1  __TI_decompress_lzss          
00000459  __aeabi_fcmpeq                
0000046d  __aeabi_fcmplt                
00000481  __aeabi_fcmple                
00000495  __aeabi_fcmpge                
000004a9  __aeabi_fcmpgt                
000004bb  SYSCFG_DL_GPIO_init           
000004bd  ADC0_IRQHandler               
00000519  DL_ADC12_setClockConfig       
00000559  SYSCFG_DL_SYSCTL_init         
00000599  __gesf2                       
00000599  __gtsf2                       
000005d5  __TI_auto_init_nobinit_nopinit
00000611  __cmpsf2                      
00000611  __eqsf2                       
00000611  __lesf2                       
00000611  __ltsf2                       
00000611  __nesf2                       
0000064d  SYSCFG_DL_initPower           
00000681  __aeabi_ui2f                  
00000681  __floatunsisf                 
000006a9  _c_int00_noargs               
000006d1  TIMG0_IRQHandler              
000006e9  __TI_zero_init_nomemset       
000006ff  SYSCFG_DL_init                
00000713  __TI_decompress_none          
00000725  DL_Common_delayCycles         
00000731  __aeabi_memcpy                
00000731  __aeabi_memcpy4               
00000731  __aeabi_memcpy8               
00000739  Reset_Handler                 
0000073d  _system_pre_init              
00000740  C$$EXIT                       
00000741  abort                         
00000750  __TI_Handler_Table_Base       
0000075c  __TI_Handler_Table_Limit      
0000076c  __TI_CINIT_Base               
0000077c  __TI_CINIT_Limit              
0000077c  __TI_CINIT_Warm               
20200000  __start___llvm_prf_bits       
20200000  __start___llvm_prf_cnts       
20200000  __stop___llvm_prf_bits        
20200000  __stop___llvm_prf_cnts        
20200000  adc0                          
20200002  adc1                          
20200004  adc2                          
20200006  adc3                          
20200008  adc4                          
2020000a  adc5                          
2020000c  timerTicked                   
20200010  gCheckADC                     
20207e00  __stack                       
20208000  __STACK_END                   
ffffffff  __TI_pprof_out_hndl           
ffffffff  __TI_prof_data_size           
ffffffff  __TI_prof_data_start          
ffffffff  __binit__                     
ffffffff  binit                         
UNDEFED   __mpu_init                    
UNDEFED   _system_post_cinit            

[103 symbols]
